
state 0
	$accept: .top $end 

	TOK_VARIABLE  shift 17
	TOK_PRESYMBOL  shift 18
	TOK_LPAREN  shift 7
	TOK_TILDA  shift 10
	TOK_DOLLAR  shift 15
	TOK_FORALL  shift 11
	TOK_EXISTS  shift 12
	TOK_TRUE  shift 8
	TOK_FALSE  shift 9
	TOK_OLD  shift 6
	TOK_GLOBALLY  shift 13
	TOK_EVENTUALLY  shift 14
	.  error

	top  goto 1
	term  goto 3
	fmla  goto 2
	appelem  goto 4
	var  goto 5
	SYMBOLx  goto 16

state 1
	$accept:  top.$end 

	$end  accept
	.  error


state 2
	top:  fmla.    (1)

	.  reduce 1 (src line 70)


3: shift/reduce conflict (shift 41(11), red'n 61(0)) on TOK_COLON
3: shift/reduce conflict (shift 19(16), red'n 61(0)) on TOK_DOT
3: shift/reduce conflict (shift 20(12), red'n 61(0)) on TOK_PLUS
3: shift/reduce conflict (shift 21(12), red'n 61(0)) on TOK_MINUS
3: shift/reduce conflict (shift 22(13), red'n 61(0)) on TOK_TIMES
3: shift/reduce conflict (shift 23(13), red'n 61(0)) on TOK_DIV
3: shift/reduce conflict (shift 25(7), red'n 61(0)) on TOK_EQ
3: shift/reduce conflict (shift 31(8), red'n 61(0)) on TOK_TILDAEQ
3: shift/reduce conflict (shift 26(7), red'n 61(0)) on TOK_LE
3: shift/reduce conflict (shift 27(7), red'n 61(0)) on TOK_LT
3: shift/reduce conflict (shift 28(7), red'n 61(0)) on TOK_GE
3: shift/reduce conflict (shift 29(7), red'n 61(0)) on TOK_GT
3: shift/reduce conflict (shift 32(5), red'n 61(0)) on TOK_AND
3: shift/reduce conflict (shift 33(4), red'n 61(0)) on TOK_OR
3: shift/reduce conflict (shift 34(3), red'n 61(0)) on TOK_ARROW
3: shift/reduce conflict (shift 35(3), red'n 61(0)) on TOK_IFF
3: shift/reduce conflict (shift 30(7), red'n 61(0)) on TOK_PTO
3: shift/reduce conflict (shift 40(7), red'n 61(0)) on TOK_ISA
3: shift/reduce conflict (shift 24(9), red'n 61(0)) on TOK_IF
3: shift/reduce conflict (shift 36(0), red'n 61(0)) on TOK_WHENNEXT
3: shift/reduce conflict (shift 37(0), red'n 61(0)) on TOK_WHENPREV
3: shift/reduce conflict (shift 38(0), red'n 61(0)) on TOK_WHENFIRST
3: shift/reduce conflict (shift 39(0), red'n 61(0)) on TOK_WHENLAST
state 3
	term:  term.TOK_DOT appelem 
	term:  term.TOK_PLUS term 
	term:  term.TOK_MINUS term 
	term:  term.TOK_TIMES term 
	term:  term.TOK_DIV term 
	term:  term.TOK_IF fmla TOK_ELSE term 
	term:  term.TOK_EQ term 
	term:  term.TOK_LE term 
	term:  term.TOK_LT term 
	term:  term.TOK_GE term 
	term:  term.TOK_GT term 
	term:  term.TOK_PTO term 
	term:  term.TOK_TILDAEQ term 
	term:  term.TOK_AND term 
	term:  term.TOK_OR term 
	term:  term.TOK_ARROW term 
	term:  term.TOK_IFF term 
	term:  term.TOK_WHENNEXT term 
	term:  term.TOK_WHENPREV term 
	term:  term.TOK_WHENFIRST term 
	term:  term.TOK_WHENLAST term 
	term:  term.TOK_ISA atype 
	term:  term.TOK_COLON atype 
	fmla:  term.    (61)

	TOK_COLON  shift 41
	TOK_DOT  shift 19
	TOK_PLUS  shift 20
	TOK_MINUS  shift 21
	TOK_TIMES  shift 22
	TOK_DIV  shift 23
	TOK_EQ  shift 25
	TOK_TILDAEQ  shift 31
	TOK_LE  shift 26
	TOK_LT  shift 27
	TOK_GE  shift 28
	TOK_GT  shift 29
	TOK_AND  shift 32
	TOK_OR  shift 33
	TOK_ARROW  shift 34
	TOK_IFF  shift 35
	TOK_PTO  shift 30
	TOK_ISA  shift 40
	TOK_IF  shift 24
	TOK_WHENNEXT  shift 36
	TOK_WHENPREV  shift 37
	TOK_WHENFIRST  shift 38
	TOK_WHENLAST  shift 39
	.  reduce 61 (src line 404)


state 4
	term:  appelem.    (22)

	.  reduce 22 (src line 208)


state 5
	term:  var.    (23)

	.  reduce 23 (src line 213)


state 6
	term:  TOK_OLD.appelem 

	TOK_PRESYMBOL  shift 18
	.  error

	appelem  goto 42
	SYMBOLx  goto 16

state 7
	term:  TOK_LPAREN.term TOK_RPAREN 
	term:  TOK_LPAREN.TOK_DOLLAR SYMBOLx simplevars TOK_DOT fmla TOK_RPAREN TOK_LPAREN terms TOK_RPAREN 

	TOK_VARIABLE  shift 17
	TOK_PRESYMBOL  shift 18
	TOK_LPAREN  shift 7
	TOK_TILDA  shift 10
	TOK_DOLLAR  shift 44
	TOK_FORALL  shift 11
	TOK_EXISTS  shift 12
	TOK_TRUE  shift 8
	TOK_FALSE  shift 9
	TOK_OLD  shift 6
	TOK_GLOBALLY  shift 13
	TOK_EVENTUALLY  shift 14
	.  error

	term  goto 43
	appelem  goto 4
	var  goto 5
	SYMBOLx  goto 16

state 8
	term:  TOK_TRUE.    (39)

	.  reduce 39 (src line 303)


state 9
	term:  TOK_FALSE.    (40)

	.  reduce 40 (src line 307)


state 10
	term:  TOK_TILDA.term 

	TOK_VARIABLE  shift 17
	TOK_PRESYMBOL  shift 18
	TOK_LPAREN  shift 7
	TOK_TILDA  shift 10
	TOK_DOLLAR  shift 15
	TOK_FORALL  shift 11
	TOK_EXISTS  shift 12
	TOK_TRUE  shift 8
	TOK_FALSE  shift 9
	TOK_OLD  shift 6
	TOK_GLOBALLY  shift 13
	TOK_EVENTUALLY  shift 14
	.  error

	term  goto 45
	appelem  goto 4
	var  goto 5
	SYMBOLx  goto 16

state 11
	term:  TOK_FORALL.simplevars TOK_DOT term 
	term:  TOK_FORALL.TOK_LPAREN vars TOK_RPAREN term 

	TOK_VARIABLE  shift 49
	TOK_LPAREN  shift 47
	.  error

	simplevar  goto 48
	simplevars  goto 46

state 12
	term:  TOK_EXISTS.simplevars TOK_DOT term 
	term:  TOK_EXISTS.TOK_LPAREN vars TOK_RPAREN term 

	TOK_VARIABLE  shift 49
	TOK_LPAREN  shift 51
	.  error

	simplevar  goto 48
	simplevars  goto 50

state 13
	term:  TOK_GLOBALLY.term 

	TOK_VARIABLE  shift 17
	TOK_PRESYMBOL  shift 18
	TOK_LPAREN  shift 7
	TOK_TILDA  shift 10
	TOK_DOLLAR  shift 15
	TOK_FORALL  shift 11
	TOK_EXISTS  shift 12
	TOK_TRUE  shift 8
	TOK_FALSE  shift 9
	TOK_OLD  shift 6
	TOK_GLOBALLY  shift 13
	TOK_EVENTUALLY  shift 14
	.  error

	term  goto 52
	appelem  goto 4
	var  goto 5
	SYMBOLx  goto 16

state 14
	term:  TOK_EVENTUALLY.term 

	TOK_VARIABLE  shift 17
	TOK_PRESYMBOL  shift 18
	TOK_LPAREN  shift 7
	TOK_TILDA  shift 10
	TOK_DOLLAR  shift 15
	TOK_FORALL  shift 11
	TOK_EXISTS  shift 12
	TOK_TRUE  shift 8
	TOK_FALSE  shift 9
	TOK_OLD  shift 6
	TOK_GLOBALLY  shift 13
	TOK_EVENTUALLY  shift 14
	.  error

	term  goto 53
	appelem  goto 4
	var  goto 5
	SYMBOLx  goto 16

state 15
	term:  TOK_DOLLAR.SYMBOLx TOK_DOT fmla 
	term:  TOK_DOLLAR.SYMBOLx TOK_DOLLAR fmla 

	TOK_PRESYMBOL  shift 18
	.  error

	SYMBOLx  goto 54

state 16
	appelem:  SYMBOLx.    (9)
	appelem:  SYMBOLx.TOK_LPAREN terms TOK_RPAREN 

	TOK_LPAREN  shift 55
	.  reduce 9 (src line 128)


17: shift/reduce conflict (shift 56(11), red'n 11(0)) on TOK_COLON
state 17
	var:  TOK_VARIABLE.    (11)
	var:  TOK_VARIABLE.TOK_COLON atype 

	TOK_COLON  shift 56
	.  reduce 11 (src line 141)


state 18
	SYMBOLx:  TOK_PRESYMBOL.    (2)

	.  reduce 2 (src line 79)


state 19
	term:  term TOK_DOT.appelem 

	TOK_PRESYMBOL  shift 18
	.  error

	appelem  goto 57
	SYMBOLx  goto 16

state 20
	term:  term TOK_PLUS.term 

	TOK_VARIABLE  shift 17
	TOK_PRESYMBOL  shift 18
	TOK_LPAREN  shift 7
	TOK_TILDA  shift 10
	TOK_DOLLAR  shift 15
	TOK_FORALL  shift 11
	TOK_EXISTS  shift 12
	TOK_TRUE  shift 8
	TOK_FALSE  shift 9
	TOK_OLD  shift 6
	TOK_GLOBALLY  shift 13
	TOK_EVENTUALLY  shift 14
	.  error

	term  goto 58
	appelem  goto 4
	var  goto 5
	SYMBOLx  goto 16

state 21
	term:  term TOK_MINUS.term 

	TOK_VARIABLE  shift 17
	TOK_PRESYMBOL  shift 18
	TOK_LPAREN  shift 7
	TOK_TILDA  shift 10
	TOK_DOLLAR  shift 15
	TOK_FORALL  shift 11
	TOK_EXISTS  shift 12
	TOK_TRUE  shift 8
	TOK_FALSE  shift 9
	TOK_OLD  shift 6
	TOK_GLOBALLY  shift 13
	TOK_EVENTUALLY  shift 14
	.  error

	term  goto 59
	appelem  goto 4
	var  goto 5
	SYMBOLx  goto 16

state 22
	term:  term TOK_TIMES.term 

	TOK_VARIABLE  shift 17
	TOK_PRESYMBOL  shift 18
	TOK_LPAREN  shift 7
	TOK_TILDA  shift 10
	TOK_DOLLAR  shift 15
	TOK_FORALL  shift 11
	TOK_EXISTS  shift 12
	TOK_TRUE  shift 8
	TOK_FALSE  shift 9
	TOK_OLD  shift 6
	TOK_GLOBALLY  shift 13
	TOK_EVENTUALLY  shift 14
	.  error

	term  goto 60
	appelem  goto 4
	var  goto 5
	SYMBOLx  goto 16

state 23
	term:  term TOK_DIV.term 

	TOK_VARIABLE  shift 17
	TOK_PRESYMBOL  shift 18
	TOK_LPAREN  shift 7
	TOK_TILDA  shift 10
	TOK_DOLLAR  shift 15
	TOK_FORALL  shift 11
	TOK_EXISTS  shift 12
	TOK_TRUE  shift 8
	TOK_FALSE  shift 9
	TOK_OLD  shift 6
	TOK_GLOBALLY  shift 13
	TOK_EVENTUALLY  shift 14
	.  error

	term  goto 61
	appelem  goto 4
	var  goto 5
	SYMBOLx  goto 16

state 24
	term:  term TOK_IF.fmla TOK_ELSE term 

	TOK_VARIABLE  shift 17
	TOK_PRESYMBOL  shift 18
	TOK_LPAREN  shift 7
	TOK_TILDA  shift 10
	TOK_DOLLAR  shift 15
	TOK_FORALL  shift 11
	TOK_EXISTS  shift 12
	TOK_TRUE  shift 8
	TOK_FALSE  shift 9
	TOK_OLD  shift 6
	TOK_GLOBALLY  shift 13
	TOK_EVENTUALLY  shift 14
	.  error

	term  goto 3
	fmla  goto 62
	appelem  goto 4
	var  goto 5
	SYMBOLx  goto 16

state 25
	term:  term TOK_EQ.term 

	TOK_VARIABLE  shift 17
	TOK_PRESYMBOL  shift 18
	TOK_LPAREN  shift 7
	TOK_TILDA  shift 10
	TOK_DOLLAR  shift 15
	TOK_FORALL  shift 11
	TOK_EXISTS  shift 12
	TOK_TRUE  shift 8
	TOK_FALSE  shift 9
	TOK_OLD  shift 6
	TOK_GLOBALLY  shift 13
	TOK_EVENTUALLY  shift 14
	.  error

	term  goto 63
	appelem  goto 4
	var  goto 5
	SYMBOLx  goto 16

state 26
	term:  term TOK_LE.term 

	TOK_VARIABLE  shift 17
	TOK_PRESYMBOL  shift 18
	TOK_LPAREN  shift 7
	TOK_TILDA  shift 10
	TOK_DOLLAR  shift 15
	TOK_FORALL  shift 11
	TOK_EXISTS  shift 12
	TOK_TRUE  shift 8
	TOK_FALSE  shift 9
	TOK_OLD  shift 6
	TOK_GLOBALLY  shift 13
	TOK_EVENTUALLY  shift 14
	.  error

	term  goto 64
	appelem  goto 4
	var  goto 5
	SYMBOLx  goto 16

state 27
	term:  term TOK_LT.term 

	TOK_VARIABLE  shift 17
	TOK_PRESYMBOL  shift 18
	TOK_LPAREN  shift 7
	TOK_TILDA  shift 10
	TOK_DOLLAR  shift 15
	TOK_FORALL  shift 11
	TOK_EXISTS  shift 12
	TOK_TRUE  shift 8
	TOK_FALSE  shift 9
	TOK_OLD  shift 6
	TOK_GLOBALLY  shift 13
	TOK_EVENTUALLY  shift 14
	.  error

	term  goto 65
	appelem  goto 4
	var  goto 5
	SYMBOLx  goto 16

state 28
	term:  term TOK_GE.term 

	TOK_VARIABLE  shift 17
	TOK_PRESYMBOL  shift 18
	TOK_LPAREN  shift 7
	TOK_TILDA  shift 10
	TOK_DOLLAR  shift 15
	TOK_FORALL  shift 11
	TOK_EXISTS  shift 12
	TOK_TRUE  shift 8
	TOK_FALSE  shift 9
	TOK_OLD  shift 6
	TOK_GLOBALLY  shift 13
	TOK_EVENTUALLY  shift 14
	.  error

	term  goto 66
	appelem  goto 4
	var  goto 5
	SYMBOLx  goto 16

state 29
	term:  term TOK_GT.term 

	TOK_VARIABLE  shift 17
	TOK_PRESYMBOL  shift 18
	TOK_LPAREN  shift 7
	TOK_TILDA  shift 10
	TOK_DOLLAR  shift 15
	TOK_FORALL  shift 11
	TOK_EXISTS  shift 12
	TOK_TRUE  shift 8
	TOK_FALSE  shift 9
	TOK_OLD  shift 6
	TOK_GLOBALLY  shift 13
	TOK_EVENTUALLY  shift 14
	.  error

	term  goto 67
	appelem  goto 4
	var  goto 5
	SYMBOLx  goto 16

state 30
	term:  term TOK_PTO.term 

	TOK_VARIABLE  shift 17
	TOK_PRESYMBOL  shift 18
	TOK_LPAREN  shift 7
	TOK_TILDA  shift 10
	TOK_DOLLAR  shift 15
	TOK_FORALL  shift 11
	TOK_EXISTS  shift 12
	TOK_TRUE  shift 8
	TOK_FALSE  shift 9
	TOK_OLD  shift 6
	TOK_GLOBALLY  shift 13
	TOK_EVENTUALLY  shift 14
	.  error

	term  goto 68
	appelem  goto 4
	var  goto 5
	SYMBOLx  goto 16

state 31
	term:  term TOK_TILDAEQ.term 

	TOK_VARIABLE  shift 17
	TOK_PRESYMBOL  shift 18
	TOK_LPAREN  shift 7
	TOK_TILDA  shift 10
	TOK_DOLLAR  shift 15
	TOK_FORALL  shift 11
	TOK_EXISTS  shift 12
	TOK_TRUE  shift 8
	TOK_FALSE  shift 9
	TOK_OLD  shift 6
	TOK_GLOBALLY  shift 13
	TOK_EVENTUALLY  shift 14
	.  error

	term  goto 69
	appelem  goto 4
	var  goto 5
	SYMBOLx  goto 16

state 32
	term:  term TOK_AND.term 

	TOK_VARIABLE  shift 17
	TOK_PRESYMBOL  shift 18
	TOK_LPAREN  shift 7
	TOK_TILDA  shift 10
	TOK_DOLLAR  shift 15
	TOK_FORALL  shift 11
	TOK_EXISTS  shift 12
	TOK_TRUE  shift 8
	TOK_FALSE  shift 9
	TOK_OLD  shift 6
	TOK_GLOBALLY  shift 13
	TOK_EVENTUALLY  shift 14
	.  error

	term  goto 70
	appelem  goto 4
	var  goto 5
	SYMBOLx  goto 16

state 33
	term:  term TOK_OR.term 

	TOK_VARIABLE  shift 17
	TOK_PRESYMBOL  shift 18
	TOK_LPAREN  shift 7
	TOK_TILDA  shift 10
	TOK_DOLLAR  shift 15
	TOK_FORALL  shift 11
	TOK_EXISTS  shift 12
	TOK_TRUE  shift 8
	TOK_FALSE  shift 9
	TOK_OLD  shift 6
	TOK_GLOBALLY  shift 13
	TOK_EVENTUALLY  shift 14
	.  error

	term  goto 71
	appelem  goto 4
	var  goto 5
	SYMBOLx  goto 16

state 34
	term:  term TOK_ARROW.term 

	TOK_VARIABLE  shift 17
	TOK_PRESYMBOL  shift 18
	TOK_LPAREN  shift 7
	TOK_TILDA  shift 10
	TOK_DOLLAR  shift 15
	TOK_FORALL  shift 11
	TOK_EXISTS  shift 12
	TOK_TRUE  shift 8
	TOK_FALSE  shift 9
	TOK_OLD  shift 6
	TOK_GLOBALLY  shift 13
	TOK_EVENTUALLY  shift 14
	.  error

	term  goto 72
	appelem  goto 4
	var  goto 5
	SYMBOLx  goto 16

state 35
	term:  term TOK_IFF.term 

	TOK_VARIABLE  shift 17
	TOK_PRESYMBOL  shift 18
	TOK_LPAREN  shift 7
	TOK_TILDA  shift 10
	TOK_DOLLAR  shift 15
	TOK_FORALL  shift 11
	TOK_EXISTS  shift 12
	TOK_TRUE  shift 8
	TOK_FALSE  shift 9
	TOK_OLD  shift 6
	TOK_GLOBALLY  shift 13
	TOK_EVENTUALLY  shift 14
	.  error

	term  goto 73
	appelem  goto 4
	var  goto 5
	SYMBOLx  goto 16

state 36
	term:  term TOK_WHENNEXT.term 

	TOK_VARIABLE  shift 17
	TOK_PRESYMBOL  shift 18
	TOK_LPAREN  shift 7
	TOK_TILDA  shift 10
	TOK_DOLLAR  shift 15
	TOK_FORALL  shift 11
	TOK_EXISTS  shift 12
	TOK_TRUE  shift 8
	TOK_FALSE  shift 9
	TOK_OLD  shift 6
	TOK_GLOBALLY  shift 13
	TOK_EVENTUALLY  shift 14
	.  error

	term  goto 74
	appelem  goto 4
	var  goto 5
	SYMBOLx  goto 16

state 37
	term:  term TOK_WHENPREV.term 

	TOK_VARIABLE  shift 17
	TOK_PRESYMBOL  shift 18
	TOK_LPAREN  shift 7
	TOK_TILDA  shift 10
	TOK_DOLLAR  shift 15
	TOK_FORALL  shift 11
	TOK_EXISTS  shift 12
	TOK_TRUE  shift 8
	TOK_FALSE  shift 9
	TOK_OLD  shift 6
	TOK_GLOBALLY  shift 13
	TOK_EVENTUALLY  shift 14
	.  error

	term  goto 75
	appelem  goto 4
	var  goto 5
	SYMBOLx  goto 16

state 38
	term:  term TOK_WHENFIRST.term 

	TOK_VARIABLE  shift 17
	TOK_PRESYMBOL  shift 18
	TOK_LPAREN  shift 7
	TOK_TILDA  shift 10
	TOK_DOLLAR  shift 15
	TOK_FORALL  shift 11
	TOK_EXISTS  shift 12
	TOK_TRUE  shift 8
	TOK_FALSE  shift 9
	TOK_OLD  shift 6
	TOK_GLOBALLY  shift 13
	TOK_EVENTUALLY  shift 14
	.  error

	term  goto 76
	appelem  goto 4
	var  goto 5
	SYMBOLx  goto 16

state 39
	term:  term TOK_WHENLAST.term 

	TOK_VARIABLE  shift 17
	TOK_PRESYMBOL  shift 18
	TOK_LPAREN  shift 7
	TOK_TILDA  shift 10
	TOK_DOLLAR  shift 15
	TOK_FORALL  shift 11
	TOK_EXISTS  shift 12
	TOK_TRUE  shift 8
	TOK_FALSE  shift 9
	TOK_OLD  shift 6
	TOK_GLOBALLY  shift 13
	TOK_EVENTUALLY  shift 14
	.  error

	term  goto 77
	appelem  goto 4
	var  goto 5
	SYMBOLx  goto 16

state 40
	term:  term TOK_ISA.atype 

	TOK_PRESYMBOL  shift 18
	TOK_THIS  shift 80
	.  error

	atype  goto 78
	SYMBOLx  goto 79

state 41
	term:  term TOK_COLON.atype 

	TOK_PRESYMBOL  shift 18
	TOK_THIS  shift 80
	.  error

	atype  goto 81
	SYMBOLx  goto 79

state 42
	term:  TOK_OLD appelem.    (24)

	.  reduce 24 (src line 217)


state 43
	term:  term.TOK_DOT appelem 
	term:  TOK_LPAREN term.TOK_RPAREN 
	term:  term.TOK_PLUS term 
	term:  term.TOK_MINUS term 
	term:  term.TOK_TIMES term 
	term:  term.TOK_DIV term 
	term:  term.TOK_IF fmla TOK_ELSE term 
	term:  term.TOK_EQ term 
	term:  term.TOK_LE term 
	term:  term.TOK_LT term 
	term:  term.TOK_GE term 
	term:  term.TOK_GT term 
	term:  term.TOK_PTO term 
	term:  term.TOK_TILDAEQ term 
	term:  term.TOK_AND term 
	term:  term.TOK_OR term 
	term:  term.TOK_ARROW term 
	term:  term.TOK_IFF term 
	term:  term.TOK_WHENNEXT term 
	term:  term.TOK_WHENPREV term 
	term:  term.TOK_WHENFIRST term 
	term:  term.TOK_WHENLAST term 
	term:  term.TOK_ISA atype 
	term:  term.TOK_COLON atype 

	TOK_RPAREN  shift 82
	TOK_COLON  shift 41
	TOK_DOT  shift 19
	TOK_PLUS  shift 20
	TOK_MINUS  shift 21
	TOK_TIMES  shift 22
	TOK_DIV  shift 23
	TOK_EQ  shift 25
	TOK_TILDAEQ  shift 31
	TOK_LE  shift 26
	TOK_LT  shift 27
	TOK_GE  shift 28
	TOK_GT  shift 29
	TOK_AND  shift 32
	TOK_OR  shift 33
	TOK_ARROW  shift 34
	TOK_IFF  shift 35
	TOK_PTO  shift 30
	TOK_ISA  shift 40
	TOK_IF  shift 24
	TOK_WHENNEXT  shift 36
	TOK_WHENPREV  shift 37
	TOK_WHENFIRST  shift 38
	TOK_WHENLAST  shift 39
	.  error


state 44
	term:  TOK_LPAREN TOK_DOLLAR.SYMBOLx simplevars TOK_DOT fmla TOK_RPAREN TOK_LPAREN terms TOK_RPAREN 
	term:  TOK_DOLLAR.SYMBOLx TOK_DOT fmla 
	term:  TOK_DOLLAR.SYMBOLx TOK_DOLLAR fmla 

	TOK_PRESYMBOL  shift 18
	.  error

	SYMBOLx  goto 83

45: shift/reduce conflict (shift 36(0), red'n 41(6)) on TOK_WHENNEXT
45: shift/reduce conflict (shift 37(0), red'n 41(6)) on TOK_WHENPREV
45: shift/reduce conflict (shift 38(0), red'n 41(6)) on TOK_WHENFIRST
45: shift/reduce conflict (shift 39(0), red'n 41(6)) on TOK_WHENLAST
state 45
	term:  term.TOK_DOT appelem 
	term:  term.TOK_PLUS term 
	term:  term.TOK_MINUS term 
	term:  term.TOK_TIMES term 
	term:  term.TOK_DIV term 
	term:  term.TOK_IF fmla TOK_ELSE term 
	term:  term.TOK_EQ term 
	term:  term.TOK_LE term 
	term:  term.TOK_LT term 
	term:  term.TOK_GE term 
	term:  term.TOK_GT term 
	term:  term.TOK_PTO term 
	term:  term.TOK_TILDAEQ term 
	term:  TOK_TILDA term.    (41)
	term:  term.TOK_AND term 
	term:  term.TOK_OR term 
	term:  term.TOK_ARROW term 
	term:  term.TOK_IFF term 
	term:  term.TOK_WHENNEXT term 
	term:  term.TOK_WHENPREV term 
	term:  term.TOK_WHENFIRST term 
	term:  term.TOK_WHENLAST term 
	term:  term.TOK_ISA atype 
	term:  term.TOK_COLON atype 

	TOK_COLON  shift 41
	TOK_DOT  shift 19
	TOK_PLUS  shift 20
	TOK_MINUS  shift 21
	TOK_TIMES  shift 22
	TOK_DIV  shift 23
	TOK_EQ  shift 25
	TOK_TILDAEQ  shift 31
	TOK_LE  shift 26
	TOK_LT  shift 27
	TOK_GE  shift 28
	TOK_GT  shift 29
	TOK_PTO  shift 30
	TOK_ISA  shift 40
	TOK_IF  shift 24
	TOK_WHENNEXT  shift 36
	TOK_WHENPREV  shift 37
	TOK_WHENFIRST  shift 38
	TOK_WHENLAST  shift 39
	.  reduce 41 (src line 311)


state 46
	simplevars:  simplevars.TOK_COMMA simplevar 
	term:  TOK_FORALL simplevars.TOK_DOT term 

	TOK_COMMA  shift 84
	TOK_DOT  shift 85
	.  error


state 47
	term:  TOK_FORALL TOK_LPAREN.vars TOK_RPAREN term 

	TOK_VARIABLE  shift 17
	.  error

	var  goto 87
	vars  goto 86

state 48
	simplevars:  simplevar.    (17)

	.  reduce 17 (src line 178)


state 49
	simplevar:  TOK_VARIABLE.    (13)
	simplevar:  TOK_VARIABLE.TOK_COLON SYMBOLx 

	TOK_COLON  shift 88
	.  reduce 13 (src line 154)


state 50
	simplevars:  simplevars.TOK_COMMA simplevar 
	term:  TOK_EXISTS simplevars.TOK_DOT term 

	TOK_COMMA  shift 84
	TOK_DOT  shift 89
	.  error


state 51
	term:  TOK_EXISTS TOK_LPAREN.vars TOK_RPAREN term 

	TOK_VARIABLE  shift 17
	.  error

	var  goto 87
	vars  goto 90

52: shift/reduce conflict (shift 36(0), red'n 50(2)) on TOK_WHENNEXT
52: shift/reduce conflict (shift 37(0), red'n 50(2)) on TOK_WHENPREV
52: shift/reduce conflict (shift 38(0), red'n 50(2)) on TOK_WHENFIRST
52: shift/reduce conflict (shift 39(0), red'n 50(2)) on TOK_WHENLAST
state 52
	term:  term.TOK_DOT appelem 
	term:  term.TOK_PLUS term 
	term:  term.TOK_MINUS term 
	term:  term.TOK_TIMES term 
	term:  term.TOK_DIV term 
	term:  term.TOK_IF fmla TOK_ELSE term 
	term:  term.TOK_EQ term 
	term:  term.TOK_LE term 
	term:  term.TOK_LT term 
	term:  term.TOK_GE term 
	term:  term.TOK_GT term 
	term:  term.TOK_PTO term 
	term:  term.TOK_TILDAEQ term 
	term:  term.TOK_AND term 
	term:  term.TOK_OR term 
	term:  term.TOK_ARROW term 
	term:  term.TOK_IFF term 
	term:  TOK_GLOBALLY term.    (50)
	term:  term.TOK_WHENNEXT term 
	term:  term.TOK_WHENPREV term 
	term:  term.TOK_WHENFIRST term 
	term:  term.TOK_WHENLAST term 
	term:  term.TOK_ISA atype 
	term:  term.TOK_COLON atype 

	TOK_COLON  shift 41
	TOK_DOT  shift 19
	TOK_PLUS  shift 20
	TOK_MINUS  shift 21
	TOK_TIMES  shift 22
	TOK_DIV  shift 23
	TOK_EQ  shift 25
	TOK_TILDAEQ  shift 31
	TOK_LE  shift 26
	TOK_LT  shift 27
	TOK_GE  shift 28
	TOK_GT  shift 29
	TOK_AND  shift 32
	TOK_OR  shift 33
	TOK_ARROW  shift 34
	TOK_IFF  shift 35
	TOK_PTO  shift 30
	TOK_ISA  shift 40
	TOK_IF  shift 24
	TOK_WHENNEXT  shift 36
	TOK_WHENPREV  shift 37
	TOK_WHENFIRST  shift 38
	TOK_WHENLAST  shift 39
	.  reduce 50 (src line 349)


53: shift/reduce conflict (shift 36(0), red'n 51(2)) on TOK_WHENNEXT
53: shift/reduce conflict (shift 37(0), red'n 51(2)) on TOK_WHENPREV
53: shift/reduce conflict (shift 38(0), red'n 51(2)) on TOK_WHENFIRST
53: shift/reduce conflict (shift 39(0), red'n 51(2)) on TOK_WHENLAST
state 53
	term:  term.TOK_DOT appelem 
	term:  term.TOK_PLUS term 
	term:  term.TOK_MINUS term 
	term:  term.TOK_TIMES term 
	term:  term.TOK_DIV term 
	term:  term.TOK_IF fmla TOK_ELSE term 
	term:  term.TOK_EQ term 
	term:  term.TOK_LE term 
	term:  term.TOK_LT term 
	term:  term.TOK_GE term 
	term:  term.TOK_GT term 
	term:  term.TOK_PTO term 
	term:  term.TOK_TILDAEQ term 
	term:  term.TOK_AND term 
	term:  term.TOK_OR term 
	term:  term.TOK_ARROW term 
	term:  term.TOK_IFF term 
	term:  TOK_EVENTUALLY term.    (51)
	term:  term.TOK_WHENNEXT term 
	term:  term.TOK_WHENPREV term 
	term:  term.TOK_WHENFIRST term 
	term:  term.TOK_WHENLAST term 
	term:  term.TOK_ISA atype 
	term:  term.TOK_COLON atype 

	TOK_COLON  shift 41
	TOK_DOT  shift 19
	TOK_PLUS  shift 20
	TOK_MINUS  shift 21
	TOK_TIMES  shift 22
	TOK_DIV  shift 23
	TOK_EQ  shift 25
	TOK_TILDAEQ  shift 31
	TOK_LE  shift 26
	TOK_LT  shift 27
	TOK_GE  shift 28
	TOK_GT  shift 29
	TOK_AND  shift 32
	TOK_OR  shift 33
	TOK_ARROW  shift 34
	TOK_IFF  shift 35
	TOK_PTO  shift 30
	TOK_ISA  shift 40
	TOK_IF  shift 24
	TOK_WHENNEXT  shift 36
	TOK_WHENPREV  shift 37
	TOK_WHENFIRST  shift 38
	TOK_WHENLAST  shift 39
	.  reduce 51 (src line 353)


state 54
	term:  TOK_DOLLAR SYMBOLx.TOK_DOT fmla 
	term:  TOK_DOLLAR SYMBOLx.TOK_DOLLAR fmla 

	TOK_DOT  shift 91
	TOK_DOLLAR  shift 92
	.  error


state 55
	appelem:  SYMBOLx TOK_LPAREN.terms TOK_RPAREN 
	terms: .    (19)

	TOK_VARIABLE  shift 17
	TOK_PRESYMBOL  shift 18
	TOK_LPAREN  shift 7
	TOK_TILDA  shift 10
	TOK_DOLLAR  shift 15
	TOK_FORALL  shift 11
	TOK_EXISTS  shift 12
	TOK_TRUE  shift 8
	TOK_FALSE  shift 9
	TOK_OLD  shift 6
	TOK_GLOBALLY  shift 13
	TOK_EVENTUALLY  shift 14
	.  reduce 19 (src line 191)

	term  goto 94
	appelem  goto 4
	var  goto 5
	terms  goto 93
	SYMBOLx  goto 16

state 56
	var:  TOK_VARIABLE TOK_COLON.atype 

	TOK_PRESYMBOL  shift 18
	TOK_THIS  shift 80
	.  error

	atype  goto 95
	SYMBOLx  goto 79

state 57
	term:  term TOK_DOT appelem.    (25)

	.  reduce 25 (src line 221)


58: shift/reduce conflict (shift 36(0), red'n 27(12)) on TOK_WHENNEXT
58: shift/reduce conflict (shift 37(0), red'n 27(12)) on TOK_WHENPREV
58: shift/reduce conflict (shift 38(0), red'n 27(12)) on TOK_WHENFIRST
58: shift/reduce conflict (shift 39(0), red'n 27(12)) on TOK_WHENLAST
state 58
	term:  term.TOK_DOT appelem 
	term:  term.TOK_PLUS term 
	term:  term TOK_PLUS term.    (27)
	term:  term.TOK_MINUS term 
	term:  term.TOK_TIMES term 
	term:  term.TOK_DIV term 
	term:  term.TOK_IF fmla TOK_ELSE term 
	term:  term.TOK_EQ term 
	term:  term.TOK_LE term 
	term:  term.TOK_LT term 
	term:  term.TOK_GE term 
	term:  term.TOK_GT term 
	term:  term.TOK_PTO term 
	term:  term.TOK_TILDAEQ term 
	term:  term.TOK_AND term 
	term:  term.TOK_OR term 
	term:  term.TOK_ARROW term 
	term:  term.TOK_IFF term 
	term:  term.TOK_WHENNEXT term 
	term:  term.TOK_WHENPREV term 
	term:  term.TOK_WHENFIRST term 
	term:  term.TOK_WHENLAST term 
	term:  term.TOK_ISA atype 
	term:  term.TOK_COLON atype 

	TOK_DOT  shift 19
	TOK_TIMES  shift 22
	TOK_DIV  shift 23
	TOK_WHENNEXT  shift 36
	TOK_WHENPREV  shift 37
	TOK_WHENFIRST  shift 38
	TOK_WHENLAST  shift 39
	.  reduce 27 (src line 252)


59: shift/reduce conflict (shift 36(0), red'n 28(12)) on TOK_WHENNEXT
59: shift/reduce conflict (shift 37(0), red'n 28(12)) on TOK_WHENPREV
59: shift/reduce conflict (shift 38(0), red'n 28(12)) on TOK_WHENFIRST
59: shift/reduce conflict (shift 39(0), red'n 28(12)) on TOK_WHENLAST
state 59
	term:  term.TOK_DOT appelem 
	term:  term.TOK_PLUS term 
	term:  term.TOK_MINUS term 
	term:  term TOK_MINUS term.    (28)
	term:  term.TOK_TIMES term 
	term:  term.TOK_DIV term 
	term:  term.TOK_IF fmla TOK_ELSE term 
	term:  term.TOK_EQ term 
	term:  term.TOK_LE term 
	term:  term.TOK_LT term 
	term:  term.TOK_GE term 
	term:  term.TOK_GT term 
	term:  term.TOK_PTO term 
	term:  term.TOK_TILDAEQ term 
	term:  term.TOK_AND term 
	term:  term.TOK_OR term 
	term:  term.TOK_ARROW term 
	term:  term.TOK_IFF term 
	term:  term.TOK_WHENNEXT term 
	term:  term.TOK_WHENPREV term 
	term:  term.TOK_WHENFIRST term 
	term:  term.TOK_WHENLAST term 
	term:  term.TOK_ISA atype 
	term:  term.TOK_COLON atype 

	TOK_DOT  shift 19
	TOK_TIMES  shift 22
	TOK_DIV  shift 23
	TOK_WHENNEXT  shift 36
	TOK_WHENPREV  shift 37
	TOK_WHENFIRST  shift 38
	TOK_WHENLAST  shift 39
	.  reduce 28 (src line 256)


60: shift/reduce conflict (shift 36(0), red'n 29(13)) on TOK_WHENNEXT
60: shift/reduce conflict (shift 37(0), red'n 29(13)) on TOK_WHENPREV
60: shift/reduce conflict (shift 38(0), red'n 29(13)) on TOK_WHENFIRST
60: shift/reduce conflict (shift 39(0), red'n 29(13)) on TOK_WHENLAST
state 60
	term:  term.TOK_DOT appelem 
	term:  term.TOK_PLUS term 
	term:  term.TOK_MINUS term 
	term:  term.TOK_TIMES term 
	term:  term TOK_TIMES term.    (29)
	term:  term.TOK_DIV term 
	term:  term.TOK_IF fmla TOK_ELSE term 
	term:  term.TOK_EQ term 
	term:  term.TOK_LE term 
	term:  term.TOK_LT term 
	term:  term.TOK_GE term 
	term:  term.TOK_GT term 
	term:  term.TOK_PTO term 
	term:  term.TOK_TILDAEQ term 
	term:  term.TOK_AND term 
	term:  term.TOK_OR term 
	term:  term.TOK_ARROW term 
	term:  term.TOK_IFF term 
	term:  term.TOK_WHENNEXT term 
	term:  term.TOK_WHENPREV term 
	term:  term.TOK_WHENFIRST term 
	term:  term.TOK_WHENLAST term 
	term:  term.TOK_ISA atype 
	term:  term.TOK_COLON atype 

	TOK_DOT  shift 19
	TOK_WHENNEXT  shift 36
	TOK_WHENPREV  shift 37
	TOK_WHENFIRST  shift 38
	TOK_WHENLAST  shift 39
	.  reduce 29 (src line 260)


61: shift/reduce conflict (shift 36(0), red'n 30(13)) on TOK_WHENNEXT
61: shift/reduce conflict (shift 37(0), red'n 30(13)) on TOK_WHENPREV
61: shift/reduce conflict (shift 38(0), red'n 30(13)) on TOK_WHENFIRST
61: shift/reduce conflict (shift 39(0), red'n 30(13)) on TOK_WHENLAST
state 61
	term:  term.TOK_DOT appelem 
	term:  term.TOK_PLUS term 
	term:  term.TOK_MINUS term 
	term:  term.TOK_TIMES term 
	term:  term.TOK_DIV term 
	term:  term TOK_DIV term.    (30)
	term:  term.TOK_IF fmla TOK_ELSE term 
	term:  term.TOK_EQ term 
	term:  term.TOK_LE term 
	term:  term.TOK_LT term 
	term:  term.TOK_GE term 
	term:  term.TOK_GT term 
	term:  term.TOK_PTO term 
	term:  term.TOK_TILDAEQ term 
	term:  term.TOK_AND term 
	term:  term.TOK_OR term 
	term:  term.TOK_ARROW term 
	term:  term.TOK_IFF term 
	term:  term.TOK_WHENNEXT term 
	term:  term.TOK_WHENPREV term 
	term:  term.TOK_WHENFIRST term 
	term:  term.TOK_WHENLAST term 
	term:  term.TOK_ISA atype 
	term:  term.TOK_COLON atype 

	TOK_DOT  shift 19
	TOK_WHENNEXT  shift 36
	TOK_WHENPREV  shift 37
	TOK_WHENFIRST  shift 38
	TOK_WHENLAST  shift 39
	.  reduce 30 (src line 264)


state 62
	term:  term TOK_IF fmla.TOK_ELSE term 

	TOK_ELSE  shift 96
	.  error


63: shift/reduce conflict (shift 36(0), red'n 32(7)) on TOK_WHENNEXT
63: shift/reduce conflict (shift 37(0), red'n 32(7)) on TOK_WHENPREV
63: shift/reduce conflict (shift 38(0), red'n 32(7)) on TOK_WHENFIRST
63: shift/reduce conflict (shift 39(0), red'n 32(7)) on TOK_WHENLAST
state 63
	term:  term.TOK_DOT appelem 
	term:  term.TOK_PLUS term 
	term:  term.TOK_MINUS term 
	term:  term.TOK_TIMES term 
	term:  term.TOK_DIV term 
	term:  term.TOK_IF fmla TOK_ELSE term 
	term:  term.TOK_EQ term 
	term:  term TOK_EQ term.    (32)
	term:  term.TOK_LE term 
	term:  term.TOK_LT term 
	term:  term.TOK_GE term 
	term:  term.TOK_GT term 
	term:  term.TOK_PTO term 
	term:  term.TOK_TILDAEQ term 
	term:  term.TOK_AND term 
	term:  term.TOK_OR term 
	term:  term.TOK_ARROW term 
	term:  term.TOK_IFF term 
	term:  term.TOK_WHENNEXT term 
	term:  term.TOK_WHENPREV term 
	term:  term.TOK_WHENFIRST term 
	term:  term.TOK_WHENLAST term 
	term:  term.TOK_ISA atype 
	term:  term.TOK_COLON atype 

	TOK_COLON  shift 41
	TOK_DOT  shift 19
	TOK_PLUS  shift 20
	TOK_MINUS  shift 21
	TOK_TIMES  shift 22
	TOK_DIV  shift 23
	TOK_TILDAEQ  shift 31
	TOK_IF  shift 24
	TOK_WHENNEXT  shift 36
	TOK_WHENPREV  shift 37
	TOK_WHENFIRST  shift 38
	TOK_WHENLAST  shift 39
	.  reduce 32 (src line 274)


64: shift/reduce conflict (shift 36(0), red'n 33(7)) on TOK_WHENNEXT
64: shift/reduce conflict (shift 37(0), red'n 33(7)) on TOK_WHENPREV
64: shift/reduce conflict (shift 38(0), red'n 33(7)) on TOK_WHENFIRST
64: shift/reduce conflict (shift 39(0), red'n 33(7)) on TOK_WHENLAST
state 64
	term:  term.TOK_DOT appelem 
	term:  term.TOK_PLUS term 
	term:  term.TOK_MINUS term 
	term:  term.TOK_TIMES term 
	term:  term.TOK_DIV term 
	term:  term.TOK_IF fmla TOK_ELSE term 
	term:  term.TOK_EQ term 
	term:  term.TOK_LE term 
	term:  term TOK_LE term.    (33)
	term:  term.TOK_LT term 
	term:  term.TOK_GE term 
	term:  term.TOK_GT term 
	term:  term.TOK_PTO term 
	term:  term.TOK_TILDAEQ term 
	term:  term.TOK_AND term 
	term:  term.TOK_OR term 
	term:  term.TOK_ARROW term 
	term:  term.TOK_IFF term 
	term:  term.TOK_WHENNEXT term 
	term:  term.TOK_WHENPREV term 
	term:  term.TOK_WHENFIRST term 
	term:  term.TOK_WHENLAST term 
	term:  term.TOK_ISA atype 
	term:  term.TOK_COLON atype 

	TOK_COLON  shift 41
	TOK_DOT  shift 19
	TOK_PLUS  shift 20
	TOK_MINUS  shift 21
	TOK_TIMES  shift 22
	TOK_DIV  shift 23
	TOK_TILDAEQ  shift 31
	TOK_IF  shift 24
	TOK_WHENNEXT  shift 36
	TOK_WHENPREV  shift 37
	TOK_WHENFIRST  shift 38
	TOK_WHENLAST  shift 39
	.  reduce 33 (src line 278)


65: shift/reduce conflict (shift 36(0), red'n 34(7)) on TOK_WHENNEXT
65: shift/reduce conflict (shift 37(0), red'n 34(7)) on TOK_WHENPREV
65: shift/reduce conflict (shift 38(0), red'n 34(7)) on TOK_WHENFIRST
65: shift/reduce conflict (shift 39(0), red'n 34(7)) on TOK_WHENLAST
state 65
	term:  term.TOK_DOT appelem 
	term:  term.TOK_PLUS term 
	term:  term.TOK_MINUS term 
	term:  term.TOK_TIMES term 
	term:  term.TOK_DIV term 
	term:  term.TOK_IF fmla TOK_ELSE term 
	term:  term.TOK_EQ term 
	term:  term.TOK_LE term 
	term:  term.TOK_LT term 
	term:  term TOK_LT term.    (34)
	term:  term.TOK_GE term 
	term:  term.TOK_GT term 
	term:  term.TOK_PTO term 
	term:  term.TOK_TILDAEQ term 
	term:  term.TOK_AND term 
	term:  term.TOK_OR term 
	term:  term.TOK_ARROW term 
	term:  term.TOK_IFF term 
	term:  term.TOK_WHENNEXT term 
	term:  term.TOK_WHENPREV term 
	term:  term.TOK_WHENFIRST term 
	term:  term.TOK_WHENLAST term 
	term:  term.TOK_ISA atype 
	term:  term.TOK_COLON atype 

	TOK_COLON  shift 41
	TOK_DOT  shift 19
	TOK_PLUS  shift 20
	TOK_MINUS  shift 21
	TOK_TIMES  shift 22
	TOK_DIV  shift 23
	TOK_TILDAEQ  shift 31
	TOK_IF  shift 24
	TOK_WHENNEXT  shift 36
	TOK_WHENPREV  shift 37
	TOK_WHENFIRST  shift 38
	TOK_WHENLAST  shift 39
	.  reduce 34 (src line 282)


66: shift/reduce conflict (shift 36(0), red'n 35(7)) on TOK_WHENNEXT
66: shift/reduce conflict (shift 37(0), red'n 35(7)) on TOK_WHENPREV
66: shift/reduce conflict (shift 38(0), red'n 35(7)) on TOK_WHENFIRST
66: shift/reduce conflict (shift 39(0), red'n 35(7)) on TOK_WHENLAST
state 66
	term:  term.TOK_DOT appelem 
	term:  term.TOK_PLUS term 
	term:  term.TOK_MINUS term 
	term:  term.TOK_TIMES term 
	term:  term.TOK_DIV term 
	term:  term.TOK_IF fmla TOK_ELSE term 
	term:  term.TOK_EQ term 
	term:  term.TOK_LE term 
	term:  term.TOK_LT term 
	term:  term.TOK_GE term 
	term:  term TOK_GE term.    (35)
	term:  term.TOK_GT term 
	term:  term.TOK_PTO term 
	term:  term.TOK_TILDAEQ term 
	term:  term.TOK_AND term 
	term:  term.TOK_OR term 
	term:  term.TOK_ARROW term 
	term:  term.TOK_IFF term 
	term:  term.TOK_WHENNEXT term 
	term:  term.TOK_WHENPREV term 
	term:  term.TOK_WHENFIRST term 
	term:  term.TOK_WHENLAST term 
	term:  term.TOK_ISA atype 
	term:  term.TOK_COLON atype 

	TOK_COLON  shift 41
	TOK_DOT  shift 19
	TOK_PLUS  shift 20
	TOK_MINUS  shift 21
	TOK_TIMES  shift 22
	TOK_DIV  shift 23
	TOK_TILDAEQ  shift 31
	TOK_IF  shift 24
	TOK_WHENNEXT  shift 36
	TOK_WHENPREV  shift 37
	TOK_WHENFIRST  shift 38
	TOK_WHENLAST  shift 39
	.  reduce 35 (src line 286)


67: shift/reduce conflict (shift 36(0), red'n 36(7)) on TOK_WHENNEXT
67: shift/reduce conflict (shift 37(0), red'n 36(7)) on TOK_WHENPREV
67: shift/reduce conflict (shift 38(0), red'n 36(7)) on TOK_WHENFIRST
67: shift/reduce conflict (shift 39(0), red'n 36(7)) on TOK_WHENLAST
state 67
	term:  term.TOK_DOT appelem 
	term:  term.TOK_PLUS term 
	term:  term.TOK_MINUS term 
	term:  term.TOK_TIMES term 
	term:  term.TOK_DIV term 
	term:  term.TOK_IF fmla TOK_ELSE term 
	term:  term.TOK_EQ term 
	term:  term.TOK_LE term 
	term:  term.TOK_LT term 
	term:  term.TOK_GE term 
	term:  term.TOK_GT term 
	term:  term TOK_GT term.    (36)
	term:  term.TOK_PTO term 
	term:  term.TOK_TILDAEQ term 
	term:  term.TOK_AND term 
	term:  term.TOK_OR term 
	term:  term.TOK_ARROW term 
	term:  term.TOK_IFF term 
	term:  term.TOK_WHENNEXT term 
	term:  term.TOK_WHENPREV term 
	term:  term.TOK_WHENFIRST term 
	term:  term.TOK_WHENLAST term 
	term:  term.TOK_ISA atype 
	term:  term.TOK_COLON atype 

	TOK_COLON  shift 41
	TOK_DOT  shift 19
	TOK_PLUS  shift 20
	TOK_MINUS  shift 21
	TOK_TIMES  shift 22
	TOK_DIV  shift 23
	TOK_TILDAEQ  shift 31
	TOK_IF  shift 24
	TOK_WHENNEXT  shift 36
	TOK_WHENPREV  shift 37
	TOK_WHENFIRST  shift 38
	TOK_WHENLAST  shift 39
	.  reduce 36 (src line 290)


68: shift/reduce conflict (shift 36(0), red'n 37(7)) on TOK_WHENNEXT
68: shift/reduce conflict (shift 37(0), red'n 37(7)) on TOK_WHENPREV
68: shift/reduce conflict (shift 38(0), red'n 37(7)) on TOK_WHENFIRST
68: shift/reduce conflict (shift 39(0), red'n 37(7)) on TOK_WHENLAST
state 68
	term:  term.TOK_DOT appelem 
	term:  term.TOK_PLUS term 
	term:  term.TOK_MINUS term 
	term:  term.TOK_TIMES term 
	term:  term.TOK_DIV term 
	term:  term.TOK_IF fmla TOK_ELSE term 
	term:  term.TOK_EQ term 
	term:  term.TOK_LE term 
	term:  term.TOK_LT term 
	term:  term.TOK_GE term 
	term:  term.TOK_GT term 
	term:  term.TOK_PTO term 
	term:  term TOK_PTO term.    (37)
	term:  term.TOK_TILDAEQ term 
	term:  term.TOK_AND term 
	term:  term.TOK_OR term 
	term:  term.TOK_ARROW term 
	term:  term.TOK_IFF term 
	term:  term.TOK_WHENNEXT term 
	term:  term.TOK_WHENPREV term 
	term:  term.TOK_WHENFIRST term 
	term:  term.TOK_WHENLAST term 
	term:  term.TOK_ISA atype 
	term:  term.TOK_COLON atype 

	TOK_COLON  shift 41
	TOK_DOT  shift 19
	TOK_PLUS  shift 20
	TOK_MINUS  shift 21
	TOK_TIMES  shift 22
	TOK_DIV  shift 23
	TOK_TILDAEQ  shift 31
	TOK_IF  shift 24
	TOK_WHENNEXT  shift 36
	TOK_WHENPREV  shift 37
	TOK_WHENFIRST  shift 38
	TOK_WHENLAST  shift 39
	.  reduce 37 (src line 294)


69: shift/reduce conflict (shift 36(0), red'n 38(8)) on TOK_WHENNEXT
69: shift/reduce conflict (shift 37(0), red'n 38(8)) on TOK_WHENPREV
69: shift/reduce conflict (shift 38(0), red'n 38(8)) on TOK_WHENFIRST
69: shift/reduce conflict (shift 39(0), red'n 38(8)) on TOK_WHENLAST
state 69
	term:  term.TOK_DOT appelem 
	term:  term.TOK_PLUS term 
	term:  term.TOK_MINUS term 
	term:  term.TOK_TIMES term 
	term:  term.TOK_DIV term 
	term:  term.TOK_IF fmla TOK_ELSE term 
	term:  term.TOK_EQ term 
	term:  term.TOK_LE term 
	term:  term.TOK_LT term 
	term:  term.TOK_GE term 
	term:  term.TOK_GT term 
	term:  term.TOK_PTO term 
	term:  term.TOK_TILDAEQ term 
	term:  term TOK_TILDAEQ term.    (38)
	term:  term.TOK_AND term 
	term:  term.TOK_OR term 
	term:  term.TOK_ARROW term 
	term:  term.TOK_IFF term 
	term:  term.TOK_WHENNEXT term 
	term:  term.TOK_WHENPREV term 
	term:  term.TOK_WHENFIRST term 
	term:  term.TOK_WHENLAST term 
	term:  term.TOK_ISA atype 
	term:  term.TOK_COLON atype 

	TOK_COLON  shift 41
	TOK_DOT  shift 19
	TOK_PLUS  shift 20
	TOK_MINUS  shift 21
	TOK_TIMES  shift 22
	TOK_DIV  shift 23
	TOK_IF  shift 24
	TOK_WHENNEXT  shift 36
	TOK_WHENPREV  shift 37
	TOK_WHENFIRST  shift 38
	TOK_WHENLAST  shift 39
	.  reduce 38 (src line 298)


70: shift/reduce conflict (shift 36(0), red'n 42(5)) on TOK_WHENNEXT
70: shift/reduce conflict (shift 37(0), red'n 42(5)) on TOK_WHENPREV
70: shift/reduce conflict (shift 38(0), red'n 42(5)) on TOK_WHENFIRST
70: shift/reduce conflict (shift 39(0), red'n 42(5)) on TOK_WHENLAST
state 70
	term:  term.TOK_DOT appelem 
	term:  term.TOK_PLUS term 
	term:  term.TOK_MINUS term 
	term:  term.TOK_TIMES term 
	term:  term.TOK_DIV term 
	term:  term.TOK_IF fmla TOK_ELSE term 
	term:  term.TOK_EQ term 
	term:  term.TOK_LE term 
	term:  term.TOK_LT term 
	term:  term.TOK_GE term 
	term:  term.TOK_GT term 
	term:  term.TOK_PTO term 
	term:  term.TOK_TILDAEQ term 
	term:  term.TOK_AND term 
	term:  term TOK_AND term.    (42)
	term:  term.TOK_OR term 
	term:  term.TOK_ARROW term 
	term:  term.TOK_IFF term 
	term:  term.TOK_WHENNEXT term 
	term:  term.TOK_WHENPREV term 
	term:  term.TOK_WHENFIRST term 
	term:  term.TOK_WHENLAST term 
	term:  term.TOK_ISA atype 
	term:  term.TOK_COLON atype 

	TOK_COLON  shift 41
	TOK_DOT  shift 19
	TOK_PLUS  shift 20
	TOK_MINUS  shift 21
	TOK_TIMES  shift 22
	TOK_DIV  shift 23
	TOK_EQ  shift 25
	TOK_TILDAEQ  shift 31
	TOK_LE  shift 26
	TOK_LT  shift 27
	TOK_GE  shift 28
	TOK_GT  shift 29
	TOK_PTO  shift 30
	TOK_ISA  shift 40
	TOK_IF  shift 24
	TOK_WHENNEXT  shift 36
	TOK_WHENPREV  shift 37
	TOK_WHENFIRST  shift 38
	TOK_WHENLAST  shift 39
	.  reduce 42 (src line 315)


71: shift/reduce conflict (shift 36(0), red'n 43(4)) on TOK_WHENNEXT
71: shift/reduce conflict (shift 37(0), red'n 43(4)) on TOK_WHENPREV
71: shift/reduce conflict (shift 38(0), red'n 43(4)) on TOK_WHENFIRST
71: shift/reduce conflict (shift 39(0), red'n 43(4)) on TOK_WHENLAST
state 71
	term:  term.TOK_DOT appelem 
	term:  term.TOK_PLUS term 
	term:  term.TOK_MINUS term 
	term:  term.TOK_TIMES term 
	term:  term.TOK_DIV term 
	term:  term.TOK_IF fmla TOK_ELSE term 
	term:  term.TOK_EQ term 
	term:  term.TOK_LE term 
	term:  term.TOK_LT term 
	term:  term.TOK_GE term 
	term:  term.TOK_GT term 
	term:  term.TOK_PTO term 
	term:  term.TOK_TILDAEQ term 
	term:  term.TOK_AND term 
	term:  term.TOK_OR term 
	term:  term TOK_OR term.    (43)
	term:  term.TOK_ARROW term 
	term:  term.TOK_IFF term 
	term:  term.TOK_WHENNEXT term 
	term:  term.TOK_WHENPREV term 
	term:  term.TOK_WHENFIRST term 
	term:  term.TOK_WHENLAST term 
	term:  term.TOK_ISA atype 
	term:  term.TOK_COLON atype 

	TOK_COLON  shift 41
	TOK_DOT  shift 19
	TOK_PLUS  shift 20
	TOK_MINUS  shift 21
	TOK_TIMES  shift 22
	TOK_DIV  shift 23
	TOK_EQ  shift 25
	TOK_TILDAEQ  shift 31
	TOK_LE  shift 26
	TOK_LT  shift 27
	TOK_GE  shift 28
	TOK_GT  shift 29
	TOK_AND  shift 32
	TOK_PTO  shift 30
	TOK_ISA  shift 40
	TOK_IF  shift 24
	TOK_WHENNEXT  shift 36
	TOK_WHENPREV  shift 37
	TOK_WHENFIRST  shift 38
	TOK_WHENLAST  shift 39
	.  reduce 43 (src line 319)


72: shift/reduce conflict (shift 36(0), red'n 44(3)) on TOK_WHENNEXT
72: shift/reduce conflict (shift 37(0), red'n 44(3)) on TOK_WHENPREV
72: shift/reduce conflict (shift 38(0), red'n 44(3)) on TOK_WHENFIRST
72: shift/reduce conflict (shift 39(0), red'n 44(3)) on TOK_WHENLAST
state 72
	term:  term.TOK_DOT appelem 
	term:  term.TOK_PLUS term 
	term:  term.TOK_MINUS term 
	term:  term.TOK_TIMES term 
	term:  term.TOK_DIV term 
	term:  term.TOK_IF fmla TOK_ELSE term 
	term:  term.TOK_EQ term 
	term:  term.TOK_LE term 
	term:  term.TOK_LT term 
	term:  term.TOK_GE term 
	term:  term.TOK_GT term 
	term:  term.TOK_PTO term 
	term:  term.TOK_TILDAEQ term 
	term:  term.TOK_AND term 
	term:  term.TOK_OR term 
	term:  term.TOK_ARROW term 
	term:  term TOK_ARROW term.    (44)
	term:  term.TOK_IFF term 
	term:  term.TOK_WHENNEXT term 
	term:  term.TOK_WHENPREV term 
	term:  term.TOK_WHENFIRST term 
	term:  term.TOK_WHENLAST term 
	term:  term.TOK_ISA atype 
	term:  term.TOK_COLON atype 

	TOK_COLON  shift 41
	TOK_DOT  shift 19
	TOK_PLUS  shift 20
	TOK_MINUS  shift 21
	TOK_TIMES  shift 22
	TOK_DIV  shift 23
	TOK_EQ  shift 25
	TOK_TILDAEQ  shift 31
	TOK_LE  shift 26
	TOK_LT  shift 27
	TOK_GE  shift 28
	TOK_GT  shift 29
	TOK_AND  shift 32
	TOK_OR  shift 33
	TOK_PTO  shift 30
	TOK_ISA  shift 40
	TOK_IF  shift 24
	TOK_WHENNEXT  shift 36
	TOK_WHENPREV  shift 37
	TOK_WHENFIRST  shift 38
	TOK_WHENLAST  shift 39
	.  reduce 44 (src line 323)


73: shift/reduce conflict (shift 36(0), red'n 45(3)) on TOK_WHENNEXT
73: shift/reduce conflict (shift 37(0), red'n 45(3)) on TOK_WHENPREV
73: shift/reduce conflict (shift 38(0), red'n 45(3)) on TOK_WHENFIRST
73: shift/reduce conflict (shift 39(0), red'n 45(3)) on TOK_WHENLAST
state 73
	term:  term.TOK_DOT appelem 
	term:  term.TOK_PLUS term 
	term:  term.TOK_MINUS term 
	term:  term.TOK_TIMES term 
	term:  term.TOK_DIV term 
	term:  term.TOK_IF fmla TOK_ELSE term 
	term:  term.TOK_EQ term 
	term:  term.TOK_LE term 
	term:  term.TOK_LT term 
	term:  term.TOK_GE term 
	term:  term.TOK_GT term 
	term:  term.TOK_PTO term 
	term:  term.TOK_TILDAEQ term 
	term:  term.TOK_AND term 
	term:  term.TOK_OR term 
	term:  term.TOK_ARROW term 
	term:  term.TOK_IFF term 
	term:  term TOK_IFF term.    (45)
	term:  term.TOK_WHENNEXT term 
	term:  term.TOK_WHENPREV term 
	term:  term.TOK_WHENFIRST term 
	term:  term.TOK_WHENLAST term 
	term:  term.TOK_ISA atype 
	term:  term.TOK_COLON atype 

	TOK_COLON  shift 41
	TOK_DOT  shift 19
	TOK_PLUS  shift 20
	TOK_MINUS  shift 21
	TOK_TIMES  shift 22
	TOK_DIV  shift 23
	TOK_EQ  shift 25
	TOK_TILDAEQ  shift 31
	TOK_LE  shift 26
	TOK_LT  shift 27
	TOK_GE  shift 28
	TOK_GT  shift 29
	TOK_AND  shift 32
	TOK_OR  shift 33
	TOK_PTO  shift 30
	TOK_ISA  shift 40
	TOK_IF  shift 24
	TOK_WHENNEXT  shift 36
	TOK_WHENPREV  shift 37
	TOK_WHENFIRST  shift 38
	TOK_WHENLAST  shift 39
	.  reduce 45 (src line 327)


74: shift/reduce conflict (shift 41(11), red'n 52(0)) on TOK_COLON
74: shift/reduce conflict (shift 19(16), red'n 52(0)) on TOK_DOT
74: shift/reduce conflict (shift 20(12), red'n 52(0)) on TOK_PLUS
74: shift/reduce conflict (shift 21(12), red'n 52(0)) on TOK_MINUS
74: shift/reduce conflict (shift 22(13), red'n 52(0)) on TOK_TIMES
74: shift/reduce conflict (shift 23(13), red'n 52(0)) on TOK_DIV
74: shift/reduce conflict (shift 25(7), red'n 52(0)) on TOK_EQ
74: shift/reduce conflict (shift 31(8), red'n 52(0)) on TOK_TILDAEQ
74: shift/reduce conflict (shift 26(7), red'n 52(0)) on TOK_LE
74: shift/reduce conflict (shift 27(7), red'n 52(0)) on TOK_LT
74: shift/reduce conflict (shift 28(7), red'n 52(0)) on TOK_GE
74: shift/reduce conflict (shift 29(7), red'n 52(0)) on TOK_GT
74: shift/reduce conflict (shift 32(5), red'n 52(0)) on TOK_AND
74: shift/reduce conflict (shift 33(4), red'n 52(0)) on TOK_OR
74: shift/reduce conflict (shift 34(3), red'n 52(0)) on TOK_ARROW
74: shift/reduce conflict (shift 35(3), red'n 52(0)) on TOK_IFF
74: shift/reduce conflict (shift 30(7), red'n 52(0)) on TOK_PTO
74: shift/reduce conflict (shift 40(7), red'n 52(0)) on TOK_ISA
74: shift/reduce conflict (shift 24(9), red'n 52(0)) on TOK_IF
74: shift/reduce conflict (shift 36(0), red'n 52(0)) on TOK_WHENNEXT
74: shift/reduce conflict (shift 37(0), red'n 52(0)) on TOK_WHENPREV
74: shift/reduce conflict (shift 38(0), red'n 52(0)) on TOK_WHENFIRST
74: shift/reduce conflict (shift 39(0), red'n 52(0)) on TOK_WHENLAST
state 74
	term:  term.TOK_DOT appelem 
	term:  term.TOK_PLUS term 
	term:  term.TOK_MINUS term 
	term:  term.TOK_TIMES term 
	term:  term.TOK_DIV term 
	term:  term.TOK_IF fmla TOK_ELSE term 
	term:  term.TOK_EQ term 
	term:  term.TOK_LE term 
	term:  term.TOK_LT term 
	term:  term.TOK_GE term 
	term:  term.TOK_GT term 
	term:  term.TOK_PTO term 
	term:  term.TOK_TILDAEQ term 
	term:  term.TOK_AND term 
	term:  term.TOK_OR term 
	term:  term.TOK_ARROW term 
	term:  term.TOK_IFF term 
	term:  term.TOK_WHENNEXT term 
	term:  term TOK_WHENNEXT term.    (52)
	term:  term.TOK_WHENPREV term 
	term:  term.TOK_WHENFIRST term 
	term:  term.TOK_WHENLAST term 
	term:  term.TOK_ISA atype 
	term:  term.TOK_COLON atype 

	TOK_COLON  shift 41
	TOK_DOT  shift 19
	TOK_PLUS  shift 20
	TOK_MINUS  shift 21
	TOK_TIMES  shift 22
	TOK_DIV  shift 23
	TOK_EQ  shift 25
	TOK_TILDAEQ  shift 31
	TOK_LE  shift 26
	TOK_LT  shift 27
	TOK_GE  shift 28
	TOK_GT  shift 29
	TOK_AND  shift 32
	TOK_OR  shift 33
	TOK_ARROW  shift 34
	TOK_IFF  shift 35
	TOK_PTO  shift 30
	TOK_ISA  shift 40
	TOK_IF  shift 24
	TOK_WHENNEXT  shift 36
	TOK_WHENPREV  shift 37
	TOK_WHENFIRST  shift 38
	TOK_WHENLAST  shift 39
	.  reduce 52 (src line 357)


75: shift/reduce conflict (shift 41(11), red'n 53(0)) on TOK_COLON
75: shift/reduce conflict (shift 19(16), red'n 53(0)) on TOK_DOT
75: shift/reduce conflict (shift 20(12), red'n 53(0)) on TOK_PLUS
75: shift/reduce conflict (shift 21(12), red'n 53(0)) on TOK_MINUS
75: shift/reduce conflict (shift 22(13), red'n 53(0)) on TOK_TIMES
75: shift/reduce conflict (shift 23(13), red'n 53(0)) on TOK_DIV
75: shift/reduce conflict (shift 25(7), red'n 53(0)) on TOK_EQ
75: shift/reduce conflict (shift 31(8), red'n 53(0)) on TOK_TILDAEQ
75: shift/reduce conflict (shift 26(7), red'n 53(0)) on TOK_LE
75: shift/reduce conflict (shift 27(7), red'n 53(0)) on TOK_LT
75: shift/reduce conflict (shift 28(7), red'n 53(0)) on TOK_GE
75: shift/reduce conflict (shift 29(7), red'n 53(0)) on TOK_GT
75: shift/reduce conflict (shift 32(5), red'n 53(0)) on TOK_AND
75: shift/reduce conflict (shift 33(4), red'n 53(0)) on TOK_OR
75: shift/reduce conflict (shift 34(3), red'n 53(0)) on TOK_ARROW
75: shift/reduce conflict (shift 35(3), red'n 53(0)) on TOK_IFF
75: shift/reduce conflict (shift 30(7), red'n 53(0)) on TOK_PTO
75: shift/reduce conflict (shift 40(7), red'n 53(0)) on TOK_ISA
75: shift/reduce conflict (shift 24(9), red'n 53(0)) on TOK_IF
75: shift/reduce conflict (shift 36(0), red'n 53(0)) on TOK_WHENNEXT
75: shift/reduce conflict (shift 37(0), red'n 53(0)) on TOK_WHENPREV
75: shift/reduce conflict (shift 38(0), red'n 53(0)) on TOK_WHENFIRST
75: shift/reduce conflict (shift 39(0), red'n 53(0)) on TOK_WHENLAST
state 75
	term:  term.TOK_DOT appelem 
	term:  term.TOK_PLUS term 
	term:  term.TOK_MINUS term 
	term:  term.TOK_TIMES term 
	term:  term.TOK_DIV term 
	term:  term.TOK_IF fmla TOK_ELSE term 
	term:  term.TOK_EQ term 
	term:  term.TOK_LE term 
	term:  term.TOK_LT term 
	term:  term.TOK_GE term 
	term:  term.TOK_GT term 
	term:  term.TOK_PTO term 
	term:  term.TOK_TILDAEQ term 
	term:  term.TOK_AND term 
	term:  term.TOK_OR term 
	term:  term.TOK_ARROW term 
	term:  term.TOK_IFF term 
	term:  term.TOK_WHENNEXT term 
	term:  term.TOK_WHENPREV term 
	term:  term TOK_WHENPREV term.    (53)
	term:  term.TOK_WHENFIRST term 
	term:  term.TOK_WHENLAST term 
	term:  term.TOK_ISA atype 
	term:  term.TOK_COLON atype 

	TOK_COLON  shift 41
	TOK_DOT  shift 19
	TOK_PLUS  shift 20
	TOK_MINUS  shift 21
	TOK_TIMES  shift 22
	TOK_DIV  shift 23
	TOK_EQ  shift 25
	TOK_TILDAEQ  shift 31
	TOK_LE  shift 26
	TOK_LT  shift 27
	TOK_GE  shift 28
	TOK_GT  shift 29
	TOK_AND  shift 32
	TOK_OR  shift 33
	TOK_ARROW  shift 34
	TOK_IFF  shift 35
	TOK_PTO  shift 30
	TOK_ISA  shift 40
	TOK_IF  shift 24
	TOK_WHENNEXT  shift 36
	TOK_WHENPREV  shift 37
	TOK_WHENFIRST  shift 38
	TOK_WHENLAST  shift 39
	.  reduce 53 (src line 361)


76: shift/reduce conflict (shift 41(11), red'n 54(0)) on TOK_COLON
76: shift/reduce conflict (shift 19(16), red'n 54(0)) on TOK_DOT
76: shift/reduce conflict (shift 20(12), red'n 54(0)) on TOK_PLUS
76: shift/reduce conflict (shift 21(12), red'n 54(0)) on TOK_MINUS
76: shift/reduce conflict (shift 22(13), red'n 54(0)) on TOK_TIMES
76: shift/reduce conflict (shift 23(13), red'n 54(0)) on TOK_DIV
76: shift/reduce conflict (shift 25(7), red'n 54(0)) on TOK_EQ
76: shift/reduce conflict (shift 31(8), red'n 54(0)) on TOK_TILDAEQ
76: shift/reduce conflict (shift 26(7), red'n 54(0)) on TOK_LE
76: shift/reduce conflict (shift 27(7), red'n 54(0)) on TOK_LT
76: shift/reduce conflict (shift 28(7), red'n 54(0)) on TOK_GE
76: shift/reduce conflict (shift 29(7), red'n 54(0)) on TOK_GT
76: shift/reduce conflict (shift 32(5), red'n 54(0)) on TOK_AND
76: shift/reduce conflict (shift 33(4), red'n 54(0)) on TOK_OR
76: shift/reduce conflict (shift 34(3), red'n 54(0)) on TOK_ARROW
76: shift/reduce conflict (shift 35(3), red'n 54(0)) on TOK_IFF
76: shift/reduce conflict (shift 30(7), red'n 54(0)) on TOK_PTO
76: shift/reduce conflict (shift 40(7), red'n 54(0)) on TOK_ISA
76: shift/reduce conflict (shift 24(9), red'n 54(0)) on TOK_IF
76: shift/reduce conflict (shift 36(0), red'n 54(0)) on TOK_WHENNEXT
76: shift/reduce conflict (shift 37(0), red'n 54(0)) on TOK_WHENPREV
76: shift/reduce conflict (shift 38(0), red'n 54(0)) on TOK_WHENFIRST
76: shift/reduce conflict (shift 39(0), red'n 54(0)) on TOK_WHENLAST
state 76
	term:  term.TOK_DOT appelem 
	term:  term.TOK_PLUS term 
	term:  term.TOK_MINUS term 
	term:  term.TOK_TIMES term 
	term:  term.TOK_DIV term 
	term:  term.TOK_IF fmla TOK_ELSE term 
	term:  term.TOK_EQ term 
	term:  term.TOK_LE term 
	term:  term.TOK_LT term 
	term:  term.TOK_GE term 
	term:  term.TOK_GT term 
	term:  term.TOK_PTO term 
	term:  term.TOK_TILDAEQ term 
	term:  term.TOK_AND term 
	term:  term.TOK_OR term 
	term:  term.TOK_ARROW term 
	term:  term.TOK_IFF term 
	term:  term.TOK_WHENNEXT term 
	term:  term.TOK_WHENPREV term 
	term:  term.TOK_WHENFIRST term 
	term:  term TOK_WHENFIRST term.    (54)
	term:  term.TOK_WHENLAST term 
	term:  term.TOK_ISA atype 
	term:  term.TOK_COLON atype 

	TOK_COLON  shift 41
	TOK_DOT  shift 19
	TOK_PLUS  shift 20
	TOK_MINUS  shift 21
	TOK_TIMES  shift 22
	TOK_DIV  shift 23
	TOK_EQ  shift 25
	TOK_TILDAEQ  shift 31
	TOK_LE  shift 26
	TOK_LT  shift 27
	TOK_GE  shift 28
	TOK_GT  shift 29
	TOK_AND  shift 32
	TOK_OR  shift 33
	TOK_ARROW  shift 34
	TOK_IFF  shift 35
	TOK_PTO  shift 30
	TOK_ISA  shift 40
	TOK_IF  shift 24
	TOK_WHENNEXT  shift 36
	TOK_WHENPREV  shift 37
	TOK_WHENFIRST  shift 38
	TOK_WHENLAST  shift 39
	.  reduce 54 (src line 365)


77: shift/reduce conflict (shift 41(11), red'n 55(0)) on TOK_COLON
77: shift/reduce conflict (shift 19(16), red'n 55(0)) on TOK_DOT
77: shift/reduce conflict (shift 20(12), red'n 55(0)) on TOK_PLUS
77: shift/reduce conflict (shift 21(12), red'n 55(0)) on TOK_MINUS
77: shift/reduce conflict (shift 22(13), red'n 55(0)) on TOK_TIMES
77: shift/reduce conflict (shift 23(13), red'n 55(0)) on TOK_DIV
77: shift/reduce conflict (shift 25(7), red'n 55(0)) on TOK_EQ
77: shift/reduce conflict (shift 31(8), red'n 55(0)) on TOK_TILDAEQ
77: shift/reduce conflict (shift 26(7), red'n 55(0)) on TOK_LE
77: shift/reduce conflict (shift 27(7), red'n 55(0)) on TOK_LT
77: shift/reduce conflict (shift 28(7), red'n 55(0)) on TOK_GE
77: shift/reduce conflict (shift 29(7), red'n 55(0)) on TOK_GT
77: shift/reduce conflict (shift 32(5), red'n 55(0)) on TOK_AND
77: shift/reduce conflict (shift 33(4), red'n 55(0)) on TOK_OR
77: shift/reduce conflict (shift 34(3), red'n 55(0)) on TOK_ARROW
77: shift/reduce conflict (shift 35(3), red'n 55(0)) on TOK_IFF
77: shift/reduce conflict (shift 30(7), red'n 55(0)) on TOK_PTO
77: shift/reduce conflict (shift 40(7), red'n 55(0)) on TOK_ISA
77: shift/reduce conflict (shift 24(9), red'n 55(0)) on TOK_IF
77: shift/reduce conflict (shift 36(0), red'n 55(0)) on TOK_WHENNEXT
77: shift/reduce conflict (shift 37(0), red'n 55(0)) on TOK_WHENPREV
77: shift/reduce conflict (shift 38(0), red'n 55(0)) on TOK_WHENFIRST
77: shift/reduce conflict (shift 39(0), red'n 55(0)) on TOK_WHENLAST
state 77
	term:  term.TOK_DOT appelem 
	term:  term.TOK_PLUS term 
	term:  term.TOK_MINUS term 
	term:  term.TOK_TIMES term 
	term:  term.TOK_DIV term 
	term:  term.TOK_IF fmla TOK_ELSE term 
	term:  term.TOK_EQ term 
	term:  term.TOK_LE term 
	term:  term.TOK_LT term 
	term:  term.TOK_GE term 
	term:  term.TOK_GT term 
	term:  term.TOK_PTO term 
	term:  term.TOK_TILDAEQ term 
	term:  term.TOK_AND term 
	term:  term.TOK_OR term 
	term:  term.TOK_ARROW term 
	term:  term.TOK_IFF term 
	term:  term.TOK_WHENNEXT term 
	term:  term.TOK_WHENPREV term 
	term:  term.TOK_WHENFIRST term 
	term:  term.TOK_WHENLAST term 
	term:  term TOK_WHENLAST term.    (55)
	term:  term.TOK_ISA atype 
	term:  term.TOK_COLON atype 

	TOK_COLON  shift 41
	TOK_DOT  shift 19
	TOK_PLUS  shift 20
	TOK_MINUS  shift 21
	TOK_TIMES  shift 22
	TOK_DIV  shift 23
	TOK_EQ  shift 25
	TOK_TILDAEQ  shift 31
	TOK_LE  shift 26
	TOK_LT  shift 27
	TOK_GE  shift 28
	TOK_GT  shift 29
	TOK_AND  shift 32
	TOK_OR  shift 33
	TOK_ARROW  shift 34
	TOK_IFF  shift 35
	TOK_PTO  shift 30
	TOK_ISA  shift 40
	TOK_IF  shift 24
	TOK_WHENNEXT  shift 36
	TOK_WHENPREV  shift 37
	TOK_WHENFIRST  shift 38
	TOK_WHENLAST  shift 39
	.  reduce 55 (src line 369)


state 78
	atype:  atype.TOK_DOT SYMBOLx 
	term:  term TOK_ISA atype.    (56)

	TOK_DOT  shift 97
	.  reduce 56 (src line 374)


state 79
	atype:  SYMBOLx.    (6)

	.  reduce 6 (src line 103)


state 80
	atype:  TOK_THIS.    (8)

	.  reduce 8 (src line 118)


state 81
	atype:  atype.TOK_DOT SYMBOLx 
	term:  term TOK_COLON atype.    (57)

	TOK_DOT  shift 97
	.  reduce 57 (src line 379)


state 82
	term:  TOK_LPAREN term TOK_RPAREN.    (26)

	.  reduce 26 (src line 247)


state 83
	term:  TOK_LPAREN TOK_DOLLAR SYMBOLx.simplevars TOK_DOT fmla TOK_RPAREN TOK_LPAREN terms TOK_RPAREN 
	term:  TOK_DOLLAR SYMBOLx.TOK_DOT fmla 
	term:  TOK_DOLLAR SYMBOLx.TOK_DOLLAR fmla 

	TOK_VARIABLE  shift 49
	TOK_DOT  shift 91
	TOK_DOLLAR  shift 92
	.  error

	simplevar  goto 48
	simplevars  goto 98

state 84
	simplevars:  simplevars TOK_COMMA.simplevar 

	TOK_VARIABLE  shift 49
	.  error

	simplevar  goto 99

state 85
	term:  TOK_FORALL simplevars TOK_DOT.term 

	TOK_VARIABLE  shift 17
	TOK_PRESYMBOL  shift 18
	TOK_LPAREN  shift 7
	TOK_TILDA  shift 10
	TOK_DOLLAR  shift 15
	TOK_FORALL  shift 11
	TOK_EXISTS  shift 12
	TOK_TRUE  shift 8
	TOK_FALSE  shift 9
	TOK_OLD  shift 6
	TOK_GLOBALLY  shift 13
	TOK_EVENTUALLY  shift 14
	.  error

	term  goto 100
	appelem  goto 4
	var  goto 5
	SYMBOLx  goto 16

state 86
	vars:  vars.TOK_COMMA var 
	term:  TOK_FORALL TOK_LPAREN vars.TOK_RPAREN term 

	TOK_RPAREN  shift 102
	TOK_COMMA  shift 101
	.  error


state 87
	vars:  var.    (15)

	.  reduce 15 (src line 167)


state 88
	simplevar:  TOK_VARIABLE TOK_COLON.SYMBOLx 

	TOK_PRESYMBOL  shift 18
	.  error

	SYMBOLx  goto 103

state 89
	term:  TOK_EXISTS simplevars TOK_DOT.term 

	TOK_VARIABLE  shift 17
	TOK_PRESYMBOL  shift 18
	TOK_LPAREN  shift 7
	TOK_TILDA  shift 10
	TOK_DOLLAR  shift 15
	TOK_FORALL  shift 11
	TOK_EXISTS  shift 12
	TOK_TRUE  shift 8
	TOK_FALSE  shift 9
	TOK_OLD  shift 6
	TOK_GLOBALLY  shift 13
	TOK_EVENTUALLY  shift 14
	.  error

	term  goto 104
	appelem  goto 4
	var  goto 5
	SYMBOLx  goto 16

state 90
	vars:  vars.TOK_COMMA var 
	term:  TOK_EXISTS TOK_LPAREN vars.TOK_RPAREN term 

	TOK_RPAREN  shift 105
	TOK_COMMA  shift 101
	.  error


state 91
	term:  TOK_DOLLAR SYMBOLx TOK_DOT.fmla 

	TOK_VARIABLE  shift 17
	TOK_PRESYMBOL  shift 18
	TOK_LPAREN  shift 7
	TOK_TILDA  shift 10
	TOK_DOLLAR  shift 15
	TOK_FORALL  shift 11
	TOK_EXISTS  shift 12
	TOK_TRUE  shift 8
	TOK_FALSE  shift 9
	TOK_OLD  shift 6
	TOK_GLOBALLY  shift 13
	TOK_EVENTUALLY  shift 14
	.  error

	term  goto 3
	fmla  goto 106
	appelem  goto 4
	var  goto 5
	SYMBOLx  goto 16

state 92
	term:  TOK_DOLLAR SYMBOLx TOK_DOLLAR.fmla 

	TOK_VARIABLE  shift 17
	TOK_PRESYMBOL  shift 18
	TOK_LPAREN  shift 7
	TOK_TILDA  shift 10
	TOK_DOLLAR  shift 15
	TOK_FORALL  shift 11
	TOK_EXISTS  shift 12
	TOK_TRUE  shift 8
	TOK_FALSE  shift 9
	TOK_OLD  shift 6
	TOK_GLOBALLY  shift 13
	TOK_EVENTUALLY  shift 14
	.  error

	term  goto 3
	fmla  goto 107
	appelem  goto 4
	var  goto 5
	SYMBOLx  goto 16

state 93
	appelem:  SYMBOLx TOK_LPAREN terms.TOK_RPAREN 
	terms:  terms.TOK_COMMA term 

	TOK_RPAREN  shift 108
	TOK_COMMA  shift 109
	.  error


state 94
	terms:  term.    (20)
	term:  term.TOK_DOT appelem 
	term:  term.TOK_PLUS term 
	term:  term.TOK_MINUS term 
	term:  term.TOK_TIMES term 
	term:  term.TOK_DIV term 
	term:  term.TOK_IF fmla TOK_ELSE term 
	term:  term.TOK_EQ term 
	term:  term.TOK_LE term 
	term:  term.TOK_LT term 
	term:  term.TOK_GE term 
	term:  term.TOK_GT term 
	term:  term.TOK_PTO term 
	term:  term.TOK_TILDAEQ term 
	term:  term.TOK_AND term 
	term:  term.TOK_OR term 
	term:  term.TOK_ARROW term 
	term:  term.TOK_IFF term 
	term:  term.TOK_WHENNEXT term 
	term:  term.TOK_WHENPREV term 
	term:  term.TOK_WHENFIRST term 
	term:  term.TOK_WHENLAST term 
	term:  term.TOK_ISA atype 
	term:  term.TOK_COLON atype 

	TOK_COLON  shift 41
	TOK_DOT  shift 19
	TOK_PLUS  shift 20
	TOK_MINUS  shift 21
	TOK_TIMES  shift 22
	TOK_DIV  shift 23
	TOK_EQ  shift 25
	TOK_TILDAEQ  shift 31
	TOK_LE  shift 26
	TOK_LT  shift 27
	TOK_GE  shift 28
	TOK_GT  shift 29
	TOK_AND  shift 32
	TOK_OR  shift 33
	TOK_ARROW  shift 34
	TOK_IFF  shift 35
	TOK_PTO  shift 30
	TOK_ISA  shift 40
	TOK_IF  shift 24
	TOK_WHENNEXT  shift 36
	TOK_WHENPREV  shift 37
	TOK_WHENFIRST  shift 38
	TOK_WHENLAST  shift 39
	.  reduce 20 (src line 196)


state 95
	atype:  atype.TOK_DOT SYMBOLx 
	var:  TOK_VARIABLE TOK_COLON atype.    (12)

	TOK_DOT  shift 97
	.  reduce 12 (src line 146)


state 96
	term:  term TOK_IF fmla TOK_ELSE.term 

	TOK_VARIABLE  shift 17
	TOK_PRESYMBOL  shift 18
	TOK_LPAREN  shift 7
	TOK_TILDA  shift 10
	TOK_DOLLAR  shift 15
	TOK_FORALL  shift 11
	TOK_EXISTS  shift 12
	TOK_TRUE  shift 8
	TOK_FALSE  shift 9
	TOK_OLD  shift 6
	TOK_GLOBALLY  shift 13
	TOK_EVENTUALLY  shift 14
	.  error

	term  goto 110
	appelem  goto 4
	var  goto 5
	SYMBOLx  goto 16

state 97
	atype:  atype TOK_DOT.SYMBOLx 

	TOK_PRESYMBOL  shift 18
	.  error

	SYMBOLx  goto 111

state 98
	simplevars:  simplevars.TOK_COMMA simplevar 
	term:  TOK_LPAREN TOK_DOLLAR SYMBOLx simplevars.TOK_DOT fmla TOK_RPAREN TOK_LPAREN terms TOK_RPAREN 

	TOK_COMMA  shift 84
	TOK_DOT  shift 112
	.  error


state 99
	simplevars:  simplevars TOK_COMMA simplevar.    (18)

	.  reduce 18 (src line 183)


100: shift/reduce conflict (shift 36(0), red'n 46(1)) on TOK_WHENNEXT
100: shift/reduce conflict (shift 37(0), red'n 46(1)) on TOK_WHENPREV
100: shift/reduce conflict (shift 38(0), red'n 46(1)) on TOK_WHENFIRST
100: shift/reduce conflict (shift 39(0), red'n 46(1)) on TOK_WHENLAST
state 100
	term:  term.TOK_DOT appelem 
	term:  term.TOK_PLUS term 
	term:  term.TOK_MINUS term 
	term:  term.TOK_TIMES term 
	term:  term.TOK_DIV term 
	term:  term.TOK_IF fmla TOK_ELSE term 
	term:  term.TOK_EQ term 
	term:  term.TOK_LE term 
	term:  term.TOK_LT term 
	term:  term.TOK_GE term 
	term:  term.TOK_GT term 
	term:  term.TOK_PTO term 
	term:  term.TOK_TILDAEQ term 
	term:  term.TOK_AND term 
	term:  term.TOK_OR term 
	term:  term.TOK_ARROW term 
	term:  term.TOK_IFF term 
	term:  TOK_FORALL simplevars TOK_DOT term.    (46)
	term:  term.TOK_WHENNEXT term 
	term:  term.TOK_WHENPREV term 
	term:  term.TOK_WHENFIRST term 
	term:  term.TOK_WHENLAST term 
	term:  term.TOK_ISA atype 
	term:  term.TOK_COLON atype 

	TOK_COLON  shift 41
	TOK_DOT  shift 19
	TOK_PLUS  shift 20
	TOK_MINUS  shift 21
	TOK_TIMES  shift 22
	TOK_DIV  shift 23
	TOK_EQ  shift 25
	TOK_TILDAEQ  shift 31
	TOK_LE  shift 26
	TOK_LT  shift 27
	TOK_GE  shift 28
	TOK_GT  shift 29
	TOK_AND  shift 32
	TOK_OR  shift 33
	TOK_ARROW  shift 34
	TOK_IFF  shift 35
	TOK_PTO  shift 30
	TOK_ISA  shift 40
	TOK_IF  shift 24
	TOK_WHENNEXT  shift 36
	TOK_WHENPREV  shift 37
	TOK_WHENFIRST  shift 38
	TOK_WHENLAST  shift 39
	.  reduce 46 (src line 332)


state 101
	vars:  vars TOK_COMMA.var 

	TOK_VARIABLE  shift 17
	.  error

	var  goto 113

state 102
	term:  TOK_FORALL TOK_LPAREN vars TOK_RPAREN.term 

	TOK_VARIABLE  shift 17
	TOK_PRESYMBOL  shift 18
	TOK_LPAREN  shift 7
	TOK_TILDA  shift 10
	TOK_DOLLAR  shift 15
	TOK_FORALL  shift 11
	TOK_EXISTS  shift 12
	TOK_TRUE  shift 8
	TOK_FALSE  shift 9
	TOK_OLD  shift 6
	TOK_GLOBALLY  shift 13
	TOK_EVENTUALLY  shift 14
	.  error

	term  goto 114
	appelem  goto 4
	var  goto 5
	SYMBOLx  goto 16

state 103
	simplevar:  TOK_VARIABLE TOK_COLON SYMBOLx.    (14)

	.  reduce 14 (src line 159)


104: shift/reduce conflict (shift 36(0), red'n 47(1)) on TOK_WHENNEXT
104: shift/reduce conflict (shift 37(0), red'n 47(1)) on TOK_WHENPREV
104: shift/reduce conflict (shift 38(0), red'n 47(1)) on TOK_WHENFIRST
104: shift/reduce conflict (shift 39(0), red'n 47(1)) on TOK_WHENLAST
state 104
	term:  term.TOK_DOT appelem 
	term:  term.TOK_PLUS term 
	term:  term.TOK_MINUS term 
	term:  term.TOK_TIMES term 
	term:  term.TOK_DIV term 
	term:  term.TOK_IF fmla TOK_ELSE term 
	term:  term.TOK_EQ term 
	term:  term.TOK_LE term 
	term:  term.TOK_LT term 
	term:  term.TOK_GE term 
	term:  term.TOK_GT term 
	term:  term.TOK_PTO term 
	term:  term.TOK_TILDAEQ term 
	term:  term.TOK_AND term 
	term:  term.TOK_OR term 
	term:  term.TOK_ARROW term 
	term:  term.TOK_IFF term 
	term:  TOK_EXISTS simplevars TOK_DOT term.    (47)
	term:  term.TOK_WHENNEXT term 
	term:  term.TOK_WHENPREV term 
	term:  term.TOK_WHENFIRST term 
	term:  term.TOK_WHENLAST term 
	term:  term.TOK_ISA atype 
	term:  term.TOK_COLON atype 

	TOK_COLON  shift 41
	TOK_DOT  shift 19
	TOK_PLUS  shift 20
	TOK_MINUS  shift 21
	TOK_TIMES  shift 22
	TOK_DIV  shift 23
	TOK_EQ  shift 25
	TOK_TILDAEQ  shift 31
	TOK_LE  shift 26
	TOK_LT  shift 27
	TOK_GE  shift 28
	TOK_GT  shift 29
	TOK_AND  shift 32
	TOK_OR  shift 33
	TOK_ARROW  shift 34
	TOK_IFF  shift 35
	TOK_PTO  shift 30
	TOK_ISA  shift 40
	TOK_IF  shift 24
	TOK_WHENNEXT  shift 36
	TOK_WHENPREV  shift 37
	TOK_WHENFIRST  shift 38
	TOK_WHENLAST  shift 39
	.  reduce 47 (src line 336)


state 105
	term:  TOK_EXISTS TOK_LPAREN vars TOK_RPAREN.term 

	TOK_VARIABLE  shift 17
	TOK_PRESYMBOL  shift 18
	TOK_LPAREN  shift 7
	TOK_TILDA  shift 10
	TOK_DOLLAR  shift 15
	TOK_FORALL  shift 11
	TOK_EXISTS  shift 12
	TOK_TRUE  shift 8
	TOK_FALSE  shift 9
	TOK_OLD  shift 6
	TOK_GLOBALLY  shift 13
	TOK_EVENTUALLY  shift 14
	.  error

	term  goto 115
	appelem  goto 4
	var  goto 5
	SYMBOLx  goto 16

state 106
	term:  TOK_DOLLAR SYMBOLx TOK_DOT fmla.    (59)

	.  reduce 59 (src line 392)


state 107
	term:  TOK_DOLLAR SYMBOLx TOK_DOLLAR fmla.    (60)

	.  reduce 60 (src line 396)


state 108
	appelem:  SYMBOLx TOK_LPAREN terms TOK_RPAREN.    (10)

	.  reduce 10 (src line 133)


state 109
	terms:  terms TOK_COMMA.term 

	TOK_VARIABLE  shift 17
	TOK_PRESYMBOL  shift 18
	TOK_LPAREN  shift 7
	TOK_TILDA  shift 10
	TOK_DOLLAR  shift 15
	TOK_FORALL  shift 11
	TOK_EXISTS  shift 12
	TOK_TRUE  shift 8
	TOK_FALSE  shift 9
	TOK_OLD  shift 6
	TOK_GLOBALLY  shift 13
	TOK_EVENTUALLY  shift 14
	.  error

	term  goto 116
	appelem  goto 4
	var  goto 5
	SYMBOLx  goto 16

110: shift/reduce conflict (shift 36(0), red'n 31(10)) on TOK_WHENNEXT
110: shift/reduce conflict (shift 37(0), red'n 31(10)) on TOK_WHENPREV
110: shift/reduce conflict (shift 38(0), red'n 31(10)) on TOK_WHENFIRST
110: shift/reduce conflict (shift 39(0), red'n 31(10)) on TOK_WHENLAST
state 110
	term:  term.TOK_DOT appelem 
	term:  term.TOK_PLUS term 
	term:  term.TOK_MINUS term 
	term:  term.TOK_TIMES term 
	term:  term.TOK_DIV term 
	term:  term.TOK_IF fmla TOK_ELSE term 
	term:  term TOK_IF fmla TOK_ELSE term.    (31)
	term:  term.TOK_EQ term 
	term:  term.TOK_LE term 
	term:  term.TOK_LT term 
	term:  term.TOK_GE term 
	term:  term.TOK_GT term 
	term:  term.TOK_PTO term 
	term:  term.TOK_TILDAEQ term 
	term:  term.TOK_AND term 
	term:  term.TOK_OR term 
	term:  term.TOK_ARROW term 
	term:  term.TOK_IFF term 
	term:  term.TOK_WHENNEXT term 
	term:  term.TOK_WHENPREV term 
	term:  term.TOK_WHENFIRST term 
	term:  term.TOK_WHENLAST term 
	term:  term.TOK_ISA atype 
	term:  term.TOK_COLON atype 

	TOK_COLON  shift 41
	TOK_DOT  shift 19
	TOK_PLUS  shift 20
	TOK_MINUS  shift 21
	TOK_TIMES  shift 22
	TOK_DIV  shift 23
	TOK_WHENNEXT  shift 36
	TOK_WHENPREV  shift 37
	TOK_WHENFIRST  shift 38
	TOK_WHENLAST  shift 39
	.  reduce 31 (src line 269)


state 111
	atype:  atype TOK_DOT SYMBOLx.    (7)

	.  reduce 7 (src line 108)


state 112
	term:  TOK_LPAREN TOK_DOLLAR SYMBOLx simplevars TOK_DOT.fmla TOK_RPAREN TOK_LPAREN terms TOK_RPAREN 

	TOK_VARIABLE  shift 17
	TOK_PRESYMBOL  shift 18
	TOK_LPAREN  shift 7
	TOK_TILDA  shift 10
	TOK_DOLLAR  shift 15
	TOK_FORALL  shift 11
	TOK_EXISTS  shift 12
	TOK_TRUE  shift 8
	TOK_FALSE  shift 9
	TOK_OLD  shift 6
	TOK_GLOBALLY  shift 13
	TOK_EVENTUALLY  shift 14
	.  error

	term  goto 3
	fmla  goto 117
	appelem  goto 4
	var  goto 5
	SYMBOLx  goto 16

state 113
	vars:  vars TOK_COMMA var.    (16)

	.  reduce 16 (src line 172)


114: shift/reduce conflict (shift 41(11), red'n 48(0)) on TOK_COLON
114: shift/reduce conflict (shift 19(16), red'n 48(0)) on TOK_DOT
114: shift/reduce conflict (shift 20(12), red'n 48(0)) on TOK_PLUS
114: shift/reduce conflict (shift 21(12), red'n 48(0)) on TOK_MINUS
114: shift/reduce conflict (shift 22(13), red'n 48(0)) on TOK_TIMES
114: shift/reduce conflict (shift 23(13), red'n 48(0)) on TOK_DIV
114: shift/reduce conflict (shift 25(7), red'n 48(0)) on TOK_EQ
114: shift/reduce conflict (shift 31(8), red'n 48(0)) on TOK_TILDAEQ
114: shift/reduce conflict (shift 26(7), red'n 48(0)) on TOK_LE
114: shift/reduce conflict (shift 27(7), red'n 48(0)) on TOK_LT
114: shift/reduce conflict (shift 28(7), red'n 48(0)) on TOK_GE
114: shift/reduce conflict (shift 29(7), red'n 48(0)) on TOK_GT
114: shift/reduce conflict (shift 32(5), red'n 48(0)) on TOK_AND
114: shift/reduce conflict (shift 33(4), red'n 48(0)) on TOK_OR
114: shift/reduce conflict (shift 34(3), red'n 48(0)) on TOK_ARROW
114: shift/reduce conflict (shift 35(3), red'n 48(0)) on TOK_IFF
114: shift/reduce conflict (shift 30(7), red'n 48(0)) on TOK_PTO
114: shift/reduce conflict (shift 40(7), red'n 48(0)) on TOK_ISA
114: shift/reduce conflict (shift 24(9), red'n 48(0)) on TOK_IF
114: shift/reduce conflict (shift 36(0), red'n 48(0)) on TOK_WHENNEXT
114: shift/reduce conflict (shift 37(0), red'n 48(0)) on TOK_WHENPREV
114: shift/reduce conflict (shift 38(0), red'n 48(0)) on TOK_WHENFIRST
114: shift/reduce conflict (shift 39(0), red'n 48(0)) on TOK_WHENLAST
state 114
	term:  term.TOK_DOT appelem 
	term:  term.TOK_PLUS term 
	term:  term.TOK_MINUS term 
	term:  term.TOK_TIMES term 
	term:  term.TOK_DIV term 
	term:  term.TOK_IF fmla TOK_ELSE term 
	term:  term.TOK_EQ term 
	term:  term.TOK_LE term 
	term:  term.TOK_LT term 
	term:  term.TOK_GE term 
	term:  term.TOK_GT term 
	term:  term.TOK_PTO term 
	term:  term.TOK_TILDAEQ term 
	term:  term.TOK_AND term 
	term:  term.TOK_OR term 
	term:  term.TOK_ARROW term 
	term:  term.TOK_IFF term 
	term:  TOK_FORALL TOK_LPAREN vars TOK_RPAREN term.    (48)
	term:  term.TOK_WHENNEXT term 
	term:  term.TOK_WHENPREV term 
	term:  term.TOK_WHENFIRST term 
	term:  term.TOK_WHENLAST term 
	term:  term.TOK_ISA atype 
	term:  term.TOK_COLON atype 

	TOK_COLON  shift 41
	TOK_DOT  shift 19
	TOK_PLUS  shift 20
	TOK_MINUS  shift 21
	TOK_TIMES  shift 22
	TOK_DIV  shift 23
	TOK_EQ  shift 25
	TOK_TILDAEQ  shift 31
	TOK_LE  shift 26
	TOK_LT  shift 27
	TOK_GE  shift 28
	TOK_GT  shift 29
	TOK_AND  shift 32
	TOK_OR  shift 33
	TOK_ARROW  shift 34
	TOK_IFF  shift 35
	TOK_PTO  shift 30
	TOK_ISA  shift 40
	TOK_IF  shift 24
	TOK_WHENNEXT  shift 36
	TOK_WHENPREV  shift 37
	TOK_WHENFIRST  shift 38
	TOK_WHENLAST  shift 39
	.  reduce 48 (src line 340)


115: shift/reduce conflict (shift 41(11), red'n 49(0)) on TOK_COLON
115: shift/reduce conflict (shift 19(16), red'n 49(0)) on TOK_DOT
115: shift/reduce conflict (shift 20(12), red'n 49(0)) on TOK_PLUS
115: shift/reduce conflict (shift 21(12), red'n 49(0)) on TOK_MINUS
115: shift/reduce conflict (shift 22(13), red'n 49(0)) on TOK_TIMES
115: shift/reduce conflict (shift 23(13), red'n 49(0)) on TOK_DIV
115: shift/reduce conflict (shift 25(7), red'n 49(0)) on TOK_EQ
115: shift/reduce conflict (shift 31(8), red'n 49(0)) on TOK_TILDAEQ
115: shift/reduce conflict (shift 26(7), red'n 49(0)) on TOK_LE
115: shift/reduce conflict (shift 27(7), red'n 49(0)) on TOK_LT
115: shift/reduce conflict (shift 28(7), red'n 49(0)) on TOK_GE
115: shift/reduce conflict (shift 29(7), red'n 49(0)) on TOK_GT
115: shift/reduce conflict (shift 32(5), red'n 49(0)) on TOK_AND
115: shift/reduce conflict (shift 33(4), red'n 49(0)) on TOK_OR
115: shift/reduce conflict (shift 34(3), red'n 49(0)) on TOK_ARROW
115: shift/reduce conflict (shift 35(3), red'n 49(0)) on TOK_IFF
115: shift/reduce conflict (shift 30(7), red'n 49(0)) on TOK_PTO
115: shift/reduce conflict (shift 40(7), red'n 49(0)) on TOK_ISA
115: shift/reduce conflict (shift 24(9), red'n 49(0)) on TOK_IF
115: shift/reduce conflict (shift 36(0), red'n 49(0)) on TOK_WHENNEXT
115: shift/reduce conflict (shift 37(0), red'n 49(0)) on TOK_WHENPREV
115: shift/reduce conflict (shift 38(0), red'n 49(0)) on TOK_WHENFIRST
115: shift/reduce conflict (shift 39(0), red'n 49(0)) on TOK_WHENLAST
state 115
	term:  term.TOK_DOT appelem 
	term:  term.TOK_PLUS term 
	term:  term.TOK_MINUS term 
	term:  term.TOK_TIMES term 
	term:  term.TOK_DIV term 
	term:  term.TOK_IF fmla TOK_ELSE term 
	term:  term.TOK_EQ term 
	term:  term.TOK_LE term 
	term:  term.TOK_LT term 
	term:  term.TOK_GE term 
	term:  term.TOK_GT term 
	term:  term.TOK_PTO term 
	term:  term.TOK_TILDAEQ term 
	term:  term.TOK_AND term 
	term:  term.TOK_OR term 
	term:  term.TOK_ARROW term 
	term:  term.TOK_IFF term 
	term:  TOK_EXISTS TOK_LPAREN vars TOK_RPAREN term.    (49)
	term:  term.TOK_WHENNEXT term 
	term:  term.TOK_WHENPREV term 
	term:  term.TOK_WHENFIRST term 
	term:  term.TOK_WHENLAST term 
	term:  term.TOK_ISA atype 
	term:  term.TOK_COLON atype 

	TOK_COLON  shift 41
	TOK_DOT  shift 19
	TOK_PLUS  shift 20
	TOK_MINUS  shift 21
	TOK_TIMES  shift 22
	TOK_DIV  shift 23
	TOK_EQ  shift 25
	TOK_TILDAEQ  shift 31
	TOK_LE  shift 26
	TOK_LT  shift 27
	TOK_GE  shift 28
	TOK_GT  shift 29
	TOK_AND  shift 32
	TOK_OR  shift 33
	TOK_ARROW  shift 34
	TOK_IFF  shift 35
	TOK_PTO  shift 30
	TOK_ISA  shift 40
	TOK_IF  shift 24
	TOK_WHENNEXT  shift 36
	TOK_WHENPREV  shift 37
	TOK_WHENFIRST  shift 38
	TOK_WHENLAST  shift 39
	.  reduce 49 (src line 344)


state 116
	terms:  terms TOK_COMMA term.    (21)
	term:  term.TOK_DOT appelem 
	term:  term.TOK_PLUS term 
	term:  term.TOK_MINUS term 
	term:  term.TOK_TIMES term 
	term:  term.TOK_DIV term 
	term:  term.TOK_IF fmla TOK_ELSE term 
	term:  term.TOK_EQ term 
	term:  term.TOK_LE term 
	term:  term.TOK_LT term 
	term:  term.TOK_GE term 
	term:  term.TOK_GT term 
	term:  term.TOK_PTO term 
	term:  term.TOK_TILDAEQ term 
	term:  term.TOK_AND term 
	term:  term.TOK_OR term 
	term:  term.TOK_ARROW term 
	term:  term.TOK_IFF term 
	term:  term.TOK_WHENNEXT term 
	term:  term.TOK_WHENPREV term 
	term:  term.TOK_WHENFIRST term 
	term:  term.TOK_WHENLAST term 
	term:  term.TOK_ISA atype 
	term:  term.TOK_COLON atype 

	TOK_COLON  shift 41
	TOK_DOT  shift 19
	TOK_PLUS  shift 20
	TOK_MINUS  shift 21
	TOK_TIMES  shift 22
	TOK_DIV  shift 23
	TOK_EQ  shift 25
	TOK_TILDAEQ  shift 31
	TOK_LE  shift 26
	TOK_LT  shift 27
	TOK_GE  shift 28
	TOK_GT  shift 29
	TOK_AND  shift 32
	TOK_OR  shift 33
	TOK_ARROW  shift 34
	TOK_IFF  shift 35
	TOK_PTO  shift 30
	TOK_ISA  shift 40
	TOK_IF  shift 24
	TOK_WHENNEXT  shift 36
	TOK_WHENPREV  shift 37
	TOK_WHENFIRST  shift 38
	TOK_WHENLAST  shift 39
	.  reduce 21 (src line 200)


state 117
	term:  TOK_LPAREN TOK_DOLLAR SYMBOLx simplevars TOK_DOT fmla.TOK_RPAREN TOK_LPAREN terms TOK_RPAREN 

	TOK_RPAREN  shift 118
	.  error


state 118
	term:  TOK_LPAREN TOK_DOLLAR SYMBOLx simplevars TOK_DOT fmla TOK_RPAREN.TOK_LPAREN terms TOK_RPAREN 

	TOK_LPAREN  shift 119
	.  error


state 119
	term:  TOK_LPAREN TOK_DOLLAR SYMBOLx simplevars TOK_DOT fmla TOK_RPAREN TOK_LPAREN.terms TOK_RPAREN 
	terms: .    (19)

	TOK_VARIABLE  shift 17
	TOK_PRESYMBOL  shift 18
	TOK_LPAREN  shift 7
	TOK_TILDA  shift 10
	TOK_DOLLAR  shift 15
	TOK_FORALL  shift 11
	TOK_EXISTS  shift 12
	TOK_TRUE  shift 8
	TOK_FALSE  shift 9
	TOK_OLD  shift 6
	TOK_GLOBALLY  shift 13
	TOK_EVENTUALLY  shift 14
	.  reduce 19 (src line 191)

	term  goto 94
	appelem  goto 4
	var  goto 5
	terms  goto 120
	SYMBOLx  goto 16

state 120
	terms:  terms.TOK_COMMA term 
	term:  TOK_LPAREN TOK_DOLLAR SYMBOLx simplevars TOK_DOT fmla TOK_RPAREN TOK_LPAREN terms.TOK_RPAREN 

	TOK_RPAREN  shift 121
	TOK_COMMA  shift 109
	.  error


state 121
	term:  TOK_LPAREN TOK_DOLLAR SYMBOLx simplevars TOK_DOT fmla TOK_RPAREN TOK_LPAREN terms TOK_RPAREN.    (58)

	.  reduce 58 (src line 387)

Rule not reduced: SYMsubscr:  SYMBOLx 
Rule not reduced: SYMsubscr:  TOK_THIS 
Rule not reduced: SYMsubscr:  SYMsubscr TOK_DOT SYMBOLx 

48 terminals, 13 nonterminals
62 grammar rules, 122/16000 states
246 shift/reduce, 0 reduce/reduce conflicts reported
62 working sets used
memory: parser 196/240000
108 extra closures
1020 shift entries, 1 exceptions
66 goto entries
112 entries saved by goto default
Optimizer space used: output 365/240000
365 table entries, 89 zero
maximum spread: 48, maximum offset: 119
